                      :-) GROMACS - gmx mdrun, 2026.1 (-:

Copyright 1991-2026 The GROMACS Authors.
GROMACS is free software; you can redistribute it and/or modify it
under the terms of the GNU Lesser General Public License
as published by the Free Software Foundation; either version 2.1
of the License, or (at your option) any later version.

                         Current GROMACS contributors:
       Mark Abraham           Andrey Alekseenko           Brian Andrews       
        Paul Bauer              Cathrine Bergh              Hugh Bird         
      Eliane Briand               Ania Brown                Yiqi Chen         
      Mahesh Doijade            Giacomo Fiorin          Stefan Fleischmann    
      Sergey Gorelov         Gilles Gouaillardet            Alan Gray         
   Farzaneh Jalalypour         Petter Johansson          Carsten Kutzner      
    Grzegorz Łazarski         Justin A. Lemkul          Magnus Lundborg      
        Julio Maia               Pascal Merz             Vedran Miletić      
      Dmitry Morozov           Lukas Müllender           Szilárd Páll      
 Andrea Pasquadibisceglie     Michele Pellegrino         Nicola Piasentin     
     Daniele Rapetti         Muhammad Umair Sadiq         Hubert Santuz       
      Michael Shirts           Tatiana Shugaeva          Alexey Shvetsov      
     Bálint Soproni            Philip Turner            Alessandra Villa     
        Yang Zhang        

                         Previous GROMACS contributors:
        Emile Apol             Rossen Apostolov           James Barnett       
      Vladimir Basov        Herman J.C. Berendsen          Par Bjelkmar       
      Christian Blau          Viacheslav Bolnykh            Kevin Boyd        
    Aldert van Buuren          Carlo Camilloni           Rudi van Drunen      
      Anton Feenstra           Oliver Fleetwood            Vytas Gapsys       
       Gaurav Garg             Gerrit Groenhof            Bert de Groot       
      Anca Hamuraru           Vincent Hindriksen          Victor Holanda      
     M. Eric Irrgang           Aleksei Iupinov              Joe Jordan        
    Christoph Junghans        Prashanth Kanduri        Dimitrios Karkoulis    
       Peter Kasson             Sebastian Kehl           Sebastian Keller     
        Jiri Kraus               Per Larsson              Viveca Lindahl      
      Erik Marklund           Pieter Meulenhoff           Teemu Murtola       
       Julien Nabet              Sander Pronk             Roland Schulz       
      Alfons Sijbers         David van der Spoel          Peter Tieleman      
      Carsten Uphoff             Jon Vincent             Teemu Virolainen     
    Christian Wennberg     Sebastian Wingbermühle         Maarten Wolf       
      Artem Zhmurov       

                  Coordinated by the GROMACS project leaders:
                           Berk Hess and Erik Lindahl

GROMACS:      gmx mdrun, version 2026.1
Executable:   /home/vr/local/gromacs/bin/gmx
Data prefix:  /home/vr/local/gromacs
Working dir:  /home/vr/Desktop/GRO
Process ID:   202206
Command line:
  gmx mdrun -deffnm quick

GROMACS version:     2026.1
Precision:           mixed
Memory model:        64 bit
MPI library:         thread_mpi
MPI version:         built in
OpenMP support:      enabled (GMX_OPENMP_MAX_THREADS = 128)
GPU support:         disabled
SIMD instructions:   AVX2_256
CPU FFT library:     fftw-3.3.10-sse2-avx
GPU FFT library:     none
Multi-GPU FFT:       none
RDTSCP:              enabled
TNG support:         enabled
Hwloc support:       disabled
Tracing support:     disabled
Colvars support:     enabled (version 2025-10-13)
CP2K support:        disabled
Torch support:       disabled
Plumed support:      enabled
C compiler:          /usr/bin/cc GNU 15.2.1
C compiler flags:    -fexcess-precision=fast -funroll-all-loops -mavx2 -mfma -Wno-missing-field-initializers -O3 -DNDEBUG
C++ compiler:        /usr/bin/c++ GNU 15.2.1
C++ compiler flags:  -fexcess-precision=fast -funroll-all-loops -mavx2 -mfma -Wno-missing-field-initializers -Wno-stringop-truncation -Wno-cast-function-type-strict SHELL:-fopenmp -O3 -DNDEBUG
BLAS library:        External - detected on the system
LAPACK library:      External - detected on the system


Running on 1 node with total 2 cores, 4 processing units
Hardware detected on host archlinux:
  CPU info:
    Vendor: Intel
    Brand:  Intel(R) Core(TM) i3-1005G1 CPU @ 1.20GHz
    Family: 6   Model: 126   Stepping: 5
    Features: aes apic avx avx2 avx512f avx512cd avx512bw avx512vl clfsh cmov cx8 cx16 f16c fma htt intel lahf mmx msr nonstop_tsc pcid pclmuldq pdcm pdpe1gb popcnt pse rdrnd rdtscp sha sse2 sse3 sse4.1 sse4.2 ssse3 tdt x2apic
    Number of AVX-512 FMA units: 1 (For Intel, AVX2 is faster w/o 2 AVX-512 FMA units)
  Hardware topology: Basic
    Packages, cores, and logical processors:
    [indices refer to OS logical processors]
      Package  0: [   0   2] [   1   3]
    CPU limit set by OS: -1   Recommended max number of threads: 4


++++ PLEASE READ AND CITE THE FOLLOWING REFERENCE ++++
M. J. Abraham, T. Murtola, R. Schulz, S. Páll, J. C. Smith, B. Hess, E.
Lindahl
GROMACS: High performance molecular simulations through multi-level
parallelism from laptops to supercomputers
SoftwareX (2015)
https://doi.org/10.1016/j.softx.2015.06.001
-------- -------- --- Thank You --- -------- --------


++++ PLEASE READ AND CITE THE FOLLOWING REFERENCE ++++
S. Páll, M. J. Abraham, C. Kutzner, B. Hess, E. Lindahl
Tackling Exascale Software Challenges in Molecular Dynamics Simulations with
GROMACS
In S. Markidis & E. Laure (Eds.), Solving Software Challenges for Exascale (2015)
https://doi.org/10.1007/978-3-319-15976-8_1
-------- -------- --- Thank You --- -------- --------


++++ PLEASE READ AND CITE THE FOLLOWING REFERENCE ++++
S. Pronk, S. Páll, R. Schulz, P. Larsson, P. Bjelkmar, R. Apostolov, M. R.
Shirts, J. C. Smith, P. M. Kasson, D. van der Spoel, B. Hess, E. Lindahl
GROMACS 4.5: a high-throughput and highly parallel open source molecular
simulation toolkit
Bioinformatics (2013)
https://doi.org/10.1093/bioinformatics/btt055
-------- -------- --- Thank You --- -------- --------


++++ PLEASE READ AND CITE THE FOLLOWING REFERENCE ++++
B. Hess, C. Kutzner, D. van der Spoel, E. Lindahl
GROMACS 4: Algorithms for highly efficient, load-balanced, and scalable
molecular simulation
J. Chem. Theory Comput. (2008)
https://doi.org/10.1021/ct700301q
-------- -------- --- Thank You --- -------- --------


++++ PLEASE READ AND CITE THE FOLLOWING REFERENCE ++++
D. van der Spoel, E. Lindahl, B. Hess, G. Groenhof, A. E. Mark, H. J. C.
Berendsen
GROMACS: Fast, Flexible and Free
J. Comp. Chem. (2005)
https://doi.org/10.1002/jcc.20291
-------- -------- --- Thank You --- -------- --------


++++ PLEASE READ AND CITE THE FOLLOWING REFERENCE ++++
E. Lindahl, B. Hess, D. van der Spoel
GROMACS 3.0: A package for molecular simulation and trajectory analysis
J. Mol. Mod. (2001)
https://doi.org/10.1007/s008940100045
-------- -------- --- Thank You --- -------- --------


++++ PLEASE READ AND CITE THE FOLLOWING REFERENCE ++++
H. J. C. Berendsen, D. van der Spoel and R. van Drunen
GROMACS: A message-passing parallel molecular dynamics implementation
Comp. Phys. Comm. (1995)
https://doi.org/10.1016/0010-4655(95)00042-E
-------- -------- --- Thank You --- -------- --------


++++ PLEASE CITE THE DOI FOR THIS VERSION OF GROMACS ++++
https://doi.org/10.5281/zenodo.18887033
-------- -------- --- Thank You --- -------- --------

Input Parameters:
   integrator                     = steep
   tinit                          = 0
   dt                             = 0.001
   nsteps                         = 1000
   init-step                      = 0
   simulation-part                = 1
   mts                            = false
   mass-repartition-factor        = 1
   comm-mode                      = Linear
   nstcomm                        = 100
   bd-fric                        = 0
   ld-seed                        = -79434819
   emtol                          = 1000
   emstep                         = 0.01
   niter                          = 20
   fcstep                         = 0
   nstcgsteep                     = 1000
   nbfgscorr                      = 10
   rtpi                           = 0.05
   nstxout                        = 0
   nstvout                        = 0
   nstfout                        = 0
   nstlog                         = 1000
   nstcalcenergy                  = 100
   nstenergy                      = 1000
   nstxout-compressed             = 0
   compressed-x-precision         = 1000
   cutoff-scheme                  = Verlet
   nstlist                        = 10
   pbc                            = xyz
   periodic-molecules             = false
   verlet-buffer-tolerance        = 0.005
   verlet-buffer-pressure-tolerance = 0.5
   rlist                          = 1.05
   coulombtype                    = Cut-off
   coulomb-modifier               = Potential-shift
   rcoulomb-switch                = 0
   rcoulomb                       = 1
   epsilon-r                      = 1
   epsilon-rf                     = inf
   vdw-type                       = Cut-off
   vdw-modifier                   = Potential-shift
   rvdw-switch                    = 0
   rvdw                           = 1
   DispCorr                       = No
   table-extension                = 1
   fourierspacing                 = 0.12
   fourier-nx                     = 0
   fourier-ny                     = 0
   fourier-nz                     = 0
   pme-order                      = 4
   ewald-rtol                     = 1e-05
   ewald-rtol-lj                  = 0.001
   lj-pme-comb-rule               = Geometric
   ewald-geometry                 = 3d
   epsilon-surface                = 0
   ensemble-temperature-setting   = not available
   tcoupl                         = No
   nsttcouple                     = -1
   nh-chain-length                = 0
   print-nose-hoover-chain-variables = false
   pcoupl                         = No
   refcoord-scaling               = No
   posres-com: not available
   posres-comB: not available
   QMMM                           = false
qm-opts:
   ngQM                           = 0
   constraint-algorithm           = Lincs
   continuation                   = false
   Shake-SOR                      = false
   shake-tol                      = 0.0001
   lincs-order                    = 4
   lincs-iter                     = 1
   lincs-warnangle                = 30
   nwall                          = 0
   wall-type                      = 9-3
   wall-r-linpot                  = -1
   wall-atomtype[0]               = -1
   wall-atomtype[1]               = -1
   wall-density[0]                = 0
   wall-density[1]                = 0
   wall-ewald-zfac                = 3
   pull                           = false
   awh                            = false
   rotation                       = false
   interactiveMD                  = false
   disre                          = No
   disre-weighting                = Conservative
   disre-mixed                    = false
   dr-fc                          = 1000
   dr-tau                         = 0
   nstdisreout                    = 100
   orire-fc                       = 0
   orire-tau                      = 0
   nstorireout                    = 100
   free-energy                    = no
   cos-acceleration               = 0
   deform (3x3):
      deform[    0]={ 0.00000e+00,  0.00000e+00,  0.00000e+00}
      deform[    1]={ 0.00000e+00,  0.00000e+00,  0.00000e+00}
      deform[    2]={ 0.00000e+00,  0.00000e+00,  0.00000e+00}
   simulated-tempering            = false
   swapcoords                     = no
   userint1                       = 0
   userint2                       = 0
   userint3                       = 0
   userint4                       = 0
   userreal1                      = 0
   userreal2                      = 0
   userreal3                      = 0
   userreal4                      = 0
   applied-forces:
     electric-field:
       x:
         E0                       = 0
         omega                    = 0
         t0                       = 0
         sigma                    = 0
       y:
         E0                       = 0
         omega                    = 0
         t0                       = 0
         sigma                    = 0
       z:
         E0                       = 0
         omega                    = 0
         t0                       = 0
         sigma                    = 0
     density-guided-simulation:
       active                     = false
       group                      = protein
       similarity-measure         = inner-product
       atom-spreading-weight      = unity
       force-constant             = 1e+09
       gaussian-transform-spreading-width = 0.2
       gaussian-transform-spreading-range-in-multiples-of-width = 4
       reference-density-filename = reference.mrc
       nst                        = 1
       normalize-densities        = true
       adaptive-force-scaling     = false
       adaptive-force-scaling-time-constant = 4
       shift-vector               = 
       transformation-matrix      = 
     qmmm-cp2k:
       active                     = false
       qmgroup                    = System
       qmmethod                   = PBE
       qmfilenames                = 
       qmcharge                   = 0
       qmmultiplicity             = 1
     colvars:
       active                     = false
       configfile                 = 
       seed                       = -1
     nnpot:
       active                     = false
       modelfile                  = model.pt
       input-group                = System
       link-type                  = H
       link-distance              = 0.1
       pair-cutoff                = 0
       embedding                  = mechanical
       nnp-charge                 = 0
       model-input1               = 
       model-input2               = 
       model-input3               = 
       model-input4               = 
       model-input5               = 
       model-input6               = 
       model-input7               = 
       model-input8               = 
       model-input9               = 
   fast-multipole-method:
     fmm:
       backend                    = inactive
       exafmm-order               = 6
       exafmm-direct-range        = 2
       exafmm-direct-provider     = GROMACS
       exafmm-tree-type           = uniform
       exafmm-tree-depth          = 0
       exafmm-max-particles-per-cell = 0
       fmsolvr-order              = 8
       fmsolvr-direct-range       = 1
       fmsolvr-direct-provider    = FMM
       fmsolvr-dipole-compensation = true
       fmsolvr-tree-depth         = 3
       fmsolvr-sparse             = false
grpopts:
   nrdf:       10266
   ref-t:           0
   tau-t:           0
annealing:          No
annealing-npoints:           0
   acc:	           0           0           0
   nfreeze:           N           N           N
   energygrp-flags[  0]: 0

When checking whether update groups are usable:
  Domain decomposition is not active, so there is no need for update groups
  No constraints or virtual sites are in use, so it is best not to use update groups

Local state does not use filler particles

Using 1 MPI thread
Using 4 OpenMP threads 

System total charge: -3.000
Potential shift: LJ r^-12: -1.000e+00 r^-6: -1.000e+00, Coulomb -1e+00
Generated table with 1025 data points for 1-4 COUL.
Tabscale = 500 points/nm
Generated table with 1025 data points for 1-4 LJ6.
Tabscale = 500 points/nm
Generated table with 1025 data points for 1-4 LJ12.
Tabscale = 500 points/nm


Using SIMD4xM 4x8 nonbonded short-range kernels

Using a 4x8 pair-list setup:
  updated every 10 steps, buffer 0.050 nm, rlist 1.050 nm

Using Lorentz-Berthelot Lennard-Jones combination rule
Removing pbc first time

Pinning threads with an auto-selected logical cpu stride of 1

Note that activating steepest-descent energy minimization via the integrator .mdp option and the command gmx mdrun may be available in a different form in a future version of GROMACS, e.g. gmx minimize and an .mdp option.
Initiating Steepest Descents
Started Steepest Descents on rank 0 Thu Apr 16 07:39:20 2026


Steepest Descents:
   Tolerance (Fmax)   =  1.00000e+03
   Number of steps    =         1000
           Step           Time
              0        0.00000

   Energies (kJ/mol)
           Bond          Angle    Proper Dih. Per. Imp. Dih.          LJ-14
    1.70949e+04    7.38307e+03    1.01330e+04    1.17771e+03    1.07769e+05
     Coulomb-14        LJ (SR)   Coulomb (SR)      Potential Pressure (bar)
    3.67836e+04    4.28578e+07   -5.98412e+04    4.29783e+07    2.04844e+06

           Step           Time
              1        1.00000

   Energies (kJ/mol)
           Bond          Angle    Proper Dih. Per. Imp. Dih.          LJ-14
    1.71148e+04    7.39298e+03    1.01326e+04    1.17594e+03    1.02699e+05
     Coulomb-14        LJ (SR)   Coulomb (SR)      Potential Pressure (bar)
    3.67801e+04    8.70270e+06   -5.98385e+04    8.81816e+06    4.21552e+05

           Step           Time
              2        2.00000

   Energies (kJ/mol)
           Bond          Angle    Proper Dih. Per. Imp. Dih.          LJ-14
    1.72437e+04    7.42195e+03    1.01290e+04    1.17468e+03    8.72136e+04
     Coulomb-14        LJ (SR)   Coulomb (SR)      Potential Pressure (bar)
    3.67677e+04    1.58841e+06   -5.98391e+04    1.68852e+06    8.19411e+04

           Step           Time
              3        3.00000

   Energies (kJ/mol)
           Bond          Angle    Proper Dih. Per. Imp. Dih.          LJ-14
    1.75032e+04    7.48674e+03    1.01305e+04    1.16596e+03    7.37951e+04
     Coulomb-14        LJ (SR)   Coulomb (SR)      Potential Pressure (bar)
    3.67565e+04    6.61497e+05   -5.98355e+04    7.48500e+05    3.71241e+04

           Step           Time
              4        4.00000

   Energies (kJ/mol)
           Bond          Angle    Proper Dih. Per. Imp. Dih.          LJ-14
    1.81754e+04    7.50280e+03    1.01392e+04    1.14692e+03    4.30163e+04
     Coulomb-14        LJ (SR)   Coulomb (SR)      Potential Pressure (bar)
    3.67269e+04    2.15022e+05   -5.98087e+04    2.71921e+05    1.43490e+04

           Step           Time
              5        5.00000

   Energies (kJ/mol)
           Bond          Angle    Proper Dih. Per. Imp. Dih.          LJ-14
    1.96325e+04    7.62802e+03    1.01627e+04    1.12042e+03    1.89687e+04
     Coulomb-14        LJ (SR)   Coulomb (SR)      Potential Pressure (bar)
    3.67047e+04    6.29090e+04   -5.97941e+04    9.73319e+04    5.90985e+03

           Step           Time
              6        6.00000

   Energies (kJ/mol)
           Bond          Angle    Proper Dih. Per. Imp. Dih.          LJ-14
    2.12194e+04    8.13326e+03    1.02297e+04    1.09500e+03    9.88476e+03
     Coulomb-14        LJ (SR)   Coulomb (SR)      Potential Pressure (bar)
    3.66674e+04    1.91468e+04   -5.98167e+04    4.65597e+04    3.33501e+03

           Step           Time
              7        7.00000

   Energies (kJ/mol)
           Bond          Angle    Proper Dih. Per. Imp. Dih.          LJ-14
    1.33423e+04    8.73083e+03    1.03029e+04    1.00064e+03    7.40446e+03
     Coulomb-14        LJ (SR)   Coulomb (SR)      Potential Pressure (bar)
    3.66195e+04    4.60139e+03   -6.00520e+04    2.19501e+04    2.37494e+03

           Step           Time
              8        8.00000

   Energies (kJ/mol)
           Bond          Angle    Proper Dih. Per. Imp. Dih.          LJ-14
    5.47145e+03    8.65388e+03    1.02143e+04    9.69681e+02    7.03736e+03
     Coulomb-14        LJ (SR)   Coulomb (SR)      Potential Pressure (bar)
    3.64197e+04    2.91858e+03   -5.99676e+04    1.17174e+04    2.01316e+03

           Step           Time
              9        9.00000

   Energies (kJ/mol)
           Bond          Angle    Proper Dih. Per. Imp. Dih.          LJ-14
    5.12779e+03    7.92082e+03    1.01541e+04    8.45985e+02    6.42479e+03
     Coulomb-14        LJ (SR)   Coulomb (SR)      Potential Pressure (bar)
    3.63816e+04    7.49060e+02   -6.00818e+04    7.52238e+03    1.65432e+03

           Step           Time
             10       10.00000

   Energies (kJ/mol)
           Bond          Angle    Proper Dih. Per. Imp. Dih.          LJ-14
    3.12251e+03    7.78419e+03    1.00978e+04    8.37827e+02    6.38804e+03
     Coulomb-14        LJ (SR)   Coulomb (SR)      Potential Pressure (bar)
    3.62858e+04    1.92909e+02   -6.00070e+04    4.70212e+03    1.46399e+03

           Step           Time
             11       11.00000

   Energies (kJ/mol)
           Bond          Angle    Proper Dih. Per. Imp. Dih.          LJ-14
    4.33089e+03    7.27737e+03    1.00493e+04    7.09905e+02    5.86814e+03
     Coulomb-14        LJ (SR)   Coulomb (SR)      Potential Pressure (bar)
    3.62307e+04   -5.73589e+02   -6.01133e+04    3.77939e+03    1.24840e+03

           Step           Time
             12       12.00000

   Energies (kJ/mol)
           Bond          Angle    Proper Dih. Per. Imp. Dih.          LJ-14
    3.54679e+03    7.57599e+03    1.00175e+04    7.41806e+02    6.05438e+03
     Coulomb-14        LJ (SR)   Coulomb (SR)      Potential Pressure (bar)
    3.61567e+04   -9.44451e+02   -6.00110e+04    3.13775e+03    1.12872e+03

           Step           Time
             13       13.00000

           Step           Time
             14       14.00000

   Energies (kJ/mol)
           Bond          Angle    Proper Dih. Per. Imp. Dih.          LJ-14
    2.13193e+03    6.67927e+03    9.99929e+03    6.50676e+02    5.55224e+03
     Coulomb-14        LJ (SR)   Coulomb (SR)      Potential Pressure (bar)
    3.61202e+04   -1.45989e+03   -6.00764e+04   -4.02676e+02    1.06319e+03

           Step           Time
             15       15.00000

           Step           Time
             16       16.00000

   Energies (kJ/mol)
           Bond          Angle    Proper Dih. Per. Imp. Dih.          LJ-14
    2.43287e+03    6.53975e+03    9.95565e+03    6.06369e+02    5.44654e+03
     Coulomb-14        LJ (SR)   Coulomb (SR)      Potential Pressure (bar)
    3.60589e+04   -1.76430e+03   -6.00704e+04   -7.94594e+02    9.47096e+02

           Step           Time
             17       17.00000

   Energies (kJ/mol)
           Bond          Angle    Proper Dih. Per. Imp. Dih.          LJ-14
    2.92301e+03    6.29624e+03    9.94258e+03    5.46994e+02    5.31311e+03
     Coulomb-14        LJ (SR)   Coulomb (SR)      Potential Pressure (bar)
    3.59962e+04   -2.10948e+03   -6.00965e+04   -1.18781e+03    8.85632e+02

           Step           Time
             18       18.00000

   Energies (kJ/mol)
           Bond          Angle    Proper Dih. Per. Imp. Dih.          LJ-14
    2.49663e+03    6.19992e+03    9.92005e+03    5.55504e+02    5.22641e+03
     Coulomb-14        LJ (SR)   Coulomb (SR)      Potential Pressure (bar)
    3.59702e+04   -2.21990e+03   -6.00852e+04   -1.93644e+03    8.46884e+02

           Step           Time
             19       19.00000

           Step           Time
             20       20.00000

   Energies (kJ/mol)
           Bond          Angle    Proper Dih. Per. Imp. Dih.          LJ-14
    1.35122e+03    5.94049e+03    9.91187e+03    5.28654e+02    5.18123e+03
     Coulomb-14        LJ (SR)   Coulomb (SR)      Potential Pressure (bar)
    3.59443e+04   -2.36247e+03   -6.00927e+04   -3.59736e+03    8.38004e+02

           Step           Time
             21       21.00000

   Energies (kJ/mol)
           Bond          Angle    Proper Dih. Per. Imp. Dih.          LJ-14
    2.11600e+03    5.67146e+03    9.86354e+03    4.81379e+02    4.97691e+03
     Coulomb-14        LJ (SR)   Coulomb (SR)      Potential Pressure (bar)
    3.58366e+04   -2.81431e+03   -6.01122e+04   -3.98066e+03    7.23544e+02

           Step           Time
             22       22.00000

   Energies (kJ/mol)
           Bond          Angle    Proper Dih. Per. Imp. Dih.          LJ-14
    1.35442e+03    5.55422e+03    9.85623e+03    4.66401e+02    4.95044e+03
     Coulomb-14        LJ (SR)   Coulomb (SR)      Potential Pressure (bar)
    3.58142e+04   -2.90818e+03   -6.01046e+04   -5.01692e+03    7.14987e+02

           Step           Time
             23       23.00000

           Step           Time
             24       24.00000

   Energies (kJ/mol)
           Bond          Angle    Proper Dih. Per. Imp. Dih.          LJ-14
    1.22953e+03    5.46348e+03    9.84342e+03    4.62676e+02    4.90254e+03
     Coulomb-14        LJ (SR)   Coulomb (SR)      Potential Pressure (bar)
    3.57938e+04   -2.99833e+03   -6.01214e+04   -5.42427e+03    7.02933e+02

           Step           Time
             25       25.00000

   Energies (kJ/mol)
           Bond          Angle    Proper Dih. Per. Imp. Dih.          LJ-14
    1.48272e+03    5.40151e+03    9.82875e+03    4.45634e+02    4.84751e+03
     Coulomb-14        LJ (SR)   Coulomb (SR)      Potential Pressure (bar)
    3.57565e+04   -3.14418e+03   -6.01155e+04   -5.49702e+03    6.73450e+02

           Step           Time
             26       26.00000

   Energies (kJ/mol)
           Bond          Angle    Proper Dih. Per. Imp. Dih.          LJ-14
    1.32091e+03    5.30590e+03    9.81527e+03    4.43974e+02    4.80160e+03
     Coulomb-14        LJ (SR)   Coulomb (SR)      Potential Pressure (bar)
    3.57398e+04   -3.22350e+03   -6.01422e+04   -5.93816e+03    6.63480e+02

           Step           Time
             27       27.00000

           Step           Time
             28       28.00000

   Energies (kJ/mol)
           Bond          Angle    Proper Dih. Per. Imp. Dih.          LJ-14
    1.04771e+03    5.24599e+03    9.80937e+03    4.35682e+02    4.77949e+03
     Coulomb-14        LJ (SR)   Coulomb (SR)      Potential Pressure (bar)
    3.57239e+04   -3.28390e+03   -6.01369e+04   -6.37866e+03    6.54724e+02

           Step           Time
             29       29.00000

   Energies (kJ/mol)
           Bond          Angle    Proper Dih. Per. Imp. Dih.          LJ-14
    1.37387e+03    5.14250e+03    9.78527e+03    4.24913e+02    4.69899e+03
     Coulomb-14        LJ (SR)   Coulomb (SR)      Potential Pressure (bar)
    3.56842e+04   -3.44826e+03   -6.01663e+04   -6.50476e+03    6.24044e+02

           Step           Time
             30       30.00000

   Energies (kJ/mol)
           Bond          Angle    Proper Dih. Per. Imp. Dih.          LJ-14
    1.09802e+03    5.08489e+03    9.77947e+03    4.15972e+02    4.67592e+03
     Coulomb-14        LJ (SR)   Coulomb (SR)      Potential Pressure (bar)
    3.56667e+04   -3.50916e+03   -6.01580e+04   -6.94617e+03    6.13623e+02

           Step           Time
             31       31.00000

           Step           Time
             32       32.00000

   Energies (kJ/mol)
           Bond          Angle    Proper Dih. Per. Imp. Dih.          LJ-14
    9.83489e+02    5.02465e+03    9.77018e+03    4.13829e+02    4.64870e+03
     Coulomb-14        LJ (SR)   Coulomb (SR)      Potential Pressure (bar)
    3.56554e+04   -3.56065e+03   -6.01754e+04   -7.23978e+03    6.08563e+02

           Step           Time
             33       33.00000

   Energies (kJ/mol)
           Bond          Angle    Proper Dih. Per. Imp. Dih.          LJ-14
    1.16998e+03    4.96282e+03    9.75469e+03    4.01810e+02    4.59523e+03
     Coulomb-14        LJ (SR)   Coulomb (SR)      Potential Pressure (bar)
    3.56216e+04   -3.68011e+03   -6.01782e+04   -7.35220e+03    5.84552e+02

           Step           Time
             34       34.00000

   Energies (kJ/mol)
           Bond          Angle    Proper Dih. Per. Imp. Dih.          LJ-14
    1.01048e+03    4.89741e+03    9.74460e+03    4.00488e+02    4.56783e+03
     Coulomb-14        LJ (SR)   Coulomb (SR)      Potential Pressure (bar)
    3.56122e+04   -3.72876e+03   -6.02022e+04   -7.69796e+03    5.80051e+02

           Step           Time
             35       35.00000

           Step           Time
             36       36.00000

   Energies (kJ/mol)
           Bond          Angle    Proper Dih. Per. Imp. Dih.          LJ-14
    9.13254e+02    4.85914e+03    9.73882e+03    3.94891e+02    4.54743e+03
     Coulomb-14        LJ (SR)   Coulomb (SR)      Potential Pressure (bar)
    3.55984e+04   -3.77573e+03   -6.02003e+04   -7.92404e+03    5.70303e+02

           Step           Time
             37       37.00000

   Energies (kJ/mol)
           Bond          Angle    Proper Dih. Per. Imp. Dih.          LJ-14
    1.03808e+03    4.79719e+03    9.72329e+03    3.89401e+02    4.50249e+03
     Coulomb-14        LJ (SR)   Coulomb (SR)      Potential Pressure (bar)
    3.55777e+04   -3.86242e+03   -6.02253e+04   -8.05962e+03    5.56284e+02

           Step           Time
             38       38.00000

   Energies (kJ/mol)
           Bond          Angle    Proper Dih. Per. Imp. Dih.          LJ-14
    9.50191e+02    4.75986e+03    9.71749e+03    3.83080e+02    4.48178e+03
     Coulomb-14        LJ (SR)   Coulomb (SR)      Potential Pressure (bar)
    3.55623e+04   -3.91035e+03   -6.02206e+04   -8.27628e+03    5.47639e+02

           Step           Time
             39       39.00000

   Energies (kJ/mol)
           Bond          Angle    Proper Dih. Per. Imp. Dih.          LJ-14
    1.13301e+03    4.71884e+03    9.70431e+03    3.80197e+02    4.44643e+03
     Coulomb-14        LJ (SR)   Coulomb (SR)      Potential Pressure (bar)
    3.55483e+04   -3.97495e+03   -6.02485e+04   -8.29241e+03    5.35573e+02

           Step           Time
             40       40.00000

   Energies (kJ/mol)
           Bond          Angle    Proper Dih. Per. Imp. Dih.          LJ-14
    1.08088e+03    4.68779e+03    9.69907e+03    3.72869e+02    4.42657e+03
     Coulomb-14        LJ (SR)   Coulomb (SR)      Potential Pressure (bar)
    3.55314e+04   -4.02243e+03   -6.02386e+04   -8.46246e+03    5.25798e+02

           Step           Time
             41       41.00000

           Step           Time
             42       42.00000

   Energies (kJ/mol)
           Bond          Angle    Proper Dih. Per. Imp. Dih.          LJ-14
    8.28383e+02    4.63450e+03    9.69246e+03    3.72077e+02    4.41023e+03
     Coulomb-14        LJ (SR)   Coulomb (SR)      Potential Pressure (bar)
    3.55266e+04   -4.05017e+03   -6.02566e+04   -8.84252e+03    5.25312e+02

           Step           Time
             43       43.00000

   Energies (kJ/mol)
           Bond          Angle    Proper Dih. Per. Imp. Dih.          LJ-14
    1.17396e+03    4.55206e+03    9.66733e+03    3.56643e+02    4.33349e+03
     Coulomb-14        LJ (SR)   Coulomb (SR)      Potential Pressure (bar)
    3.54799e+04   -4.20582e+03   -6.02739e+04   -8.91637e+03    4.93490e+02

           Step           Time
             44       44.00000

   Energies (kJ/mol)
           Bond          Angle    Proper Dih. Per. Imp. Dih.          LJ-14
    8.40398e+02    4.49277e+03    9.65969e+03    3.56113e+02    4.31555e+03
     Coulomb-14        LJ (SR)   Coulomb (SR)      Potential Pressure (bar)
    3.54764e+04   -4.23313e+03   -6.02991e+04   -9.39133e+03    4.90951e+02

           Step           Time
             45       45.00000

           Step           Time
             46       46.00000

   Energies (kJ/mol)
           Bond          Angle    Proper Dih. Per. Imp. Dih.          LJ-14
    8.38359e+02    4.46511e+03    9.65326e+03    3.50958e+02    4.29670e+03
     Coulomb-14        LJ (SR)   Coulomb (SR)      Potential Pressure (bar)
    3.54625e+04   -4.27355e+03   -6.02992e+04   -9.50595e+03    4.83414e+02

           Step           Time
             47       47.00000

   Energies (kJ/mol)
           Bond          Angle    Proper Dih. Per. Imp. Dih.          LJ-14
    8.80305e+02    4.43350e+03    9.64389e+03    3.48923e+02    4.27376e+03
     Coulomb-14        LJ (SR)   Coulomb (SR)      Potential Pressure (bar)
    3.54539e+04   -4.31380e+03   -6.03209e+04   -9.60037e+03    4.77715e+02

           Step           Time
             48       48.00000

   Energies (kJ/mol)
           Bond          Angle    Proper Dih. Per. Imp. Dih.          LJ-14
    9.15220e+02    4.41163e+03    9.63802e+03    3.43323e+02    4.25592e+03
     Coulomb-14        LJ (SR)   Coulomb (SR)      Potential Pressure (bar)
    3.54393e+04   -4.35266e+03   -6.03172e+04   -9.66641e+03    4.70341e+02

           Step           Time
             49       49.00000

   Energies (kJ/mol)
           Bond          Angle    Proper Dih. Per. Imp. Dih.          LJ-14
    9.80156e+02    4.38449e+03    9.62864e+03    3.42321e+02    4.23388e+03
     Coulomb-14        LJ (SR)   Coulomb (SR)      Potential Pressure (bar)
    3.54331e+04   -4.38938e+03   -6.03429e+04   -9.72968e+03    4.64457e+02

           Step           Time
             50       50.00000

           Step           Time
             51       51.00000

   Energies (kJ/mol)
           Bond          Angle    Proper Dih. Per. Imp. Dih.          LJ-14
    7.37607e+02    4.34849e+03    9.62587e+03    3.39009e+02    4.22550e+03
     Coulomb-14        LJ (SR)   Coulomb (SR)      Potential Pressure (bar)
    3.54253e+04   -4.40830e+03   -6.03390e+04   -1.00456e+04    4.63627e+02

           Step           Time
             52       52.00000

   Energies (kJ/mol)
           Bond          Angle    Proper Dih. Per. Imp. Dih.          LJ-14
    9.97820e+02    4.26529e+03    9.59573e+03    3.27505e+02    4.14953e+03
     Coulomb-14        LJ (SR)   Coulomb (SR)      Potential Pressure (bar)
    3.53862e+04   -4.54812e+03   -6.03871e+04   -1.02131e+04    4.35339e+02

           Step           Time
             53       53.00000

   Energies (kJ/mol)
           Bond          Angle    Proper Dih. Per. Imp. Dih.          LJ-14
    7.60121e+02    4.22678e+03    9.59232e+03    3.23325e+02    4.14014e+03
     Coulomb-14        LJ (SR)   Coulomb (SR)      Potential Pressure (bar)
    3.53762e+04   -4.56905e+03   -6.03810e+04   -1.05312e+04    4.32228e+02

           Step           Time
             54       54.00000

           Step           Time
             55       55.00000

   Energies (kJ/mol)
           Bond          Angle    Proper Dih. Per. Imp. Dih.          LJ-14
    7.43860e+02    4.20416e+03    9.58546e+03    3.21747e+02    4.12547e+03
     Coulomb-14        LJ (SR)   Coulomb (SR)      Potential Pressure (bar)
    3.53707e+04   -4.59522e+03   -6.03964e+04   -1.06402e+04    4.29654e+02

           Step           Time
             56       56.00000

   Energies (kJ/mol)
           Bond          Angle    Proper Dih. Per. Imp. Dih.          LJ-14
    8.07676e+02    4.18489e+03    9.57802e+03    3.16850e+02    4.10799e+03
     Coulomb-14        LJ (SR)   Coulomb (SR)      Potential Pressure (bar)
    3.53564e+04   -4.63048e+03   -6.03975e+04   -1.06761e+04    4.22357e+02

           Step           Time
             57       57.00000

   Energies (kJ/mol)
           Bond          Angle    Proper Dih. Per. Imp. Dih.          LJ-14
    7.86335e+02    4.16194e+03    9.57076e+03    3.15879e+02    4.09279e+03
     Coulomb-14        LJ (SR)   Coulomb (SR)      Potential Pressure (bar)
    3.53520e+04   -4.65629e+03   -6.04168e+04   -1.07934e+04    4.18343e+02

           Step           Time
             58       58.00000

           Step           Time
             59       59.00000

   Energies (kJ/mol)
           Bond          Angle    Proper Dih. Per. Imp. Dih.          LJ-14
    6.88811e+02    4.14080e+03    9.56738e+03    3.13283e+02    4.08510e+03
     Coulomb-14        LJ (SR)   Coulomb (SR)      Potential Pressure (bar)
    3.53446e+04   -4.67243e+03   -6.04153e+04   -1.09477e+04    4.16503e+02

           Step           Time
             60       60.00000

   Energies (kJ/mol)
           Bond          Angle    Proper Dih. Per. Imp. Dih.          LJ-14
    8.12970e+02    4.10500e+03    9.55117e+03    3.08011e+02    4.05124e+03
     Coulomb-14        LJ (SR)   Coulomb (SR)      Potential Pressure (bar)
    3.53270e+04   -4.73457e+03   -6.04428e+04   -1.10219e+04    4.01401e+02

           Step           Time
             61       61.00000

   Energies (kJ/mol)
           Bond          Angle    Proper Dih. Per. Imp. Dih.          LJ-14
    7.07124e+02    4.08238e+03    9.54733e+03    3.04977e+02    4.04281e+03
     Coulomb-14        LJ (SR)   Coulomb (SR)      Potential Pressure (bar)
    3.53180e+04   -4.75231e+03   -6.04390e+04   -1.11887e+04    3.99999e+02

           Step           Time
             62       62.00000

           Step           Time
             63       63.00000

   Energies (kJ/mol)
           Bond          Angle    Proper Dih. Per. Imp. Dih.          LJ-14
    6.83338e+02    4.06469e+03    9.54165e+03    3.03772e+02    4.03178e+03
     Coulomb-14        LJ (SR)   Coulomb (SR)      Potential Pressure (bar)
    3.53136e+04   -4.77186e+03   -6.04513e+04   -1.12843e+04    3.96636e+02

           Step           Time
             64       64.00000

   Energies (kJ/mol)
           Bond          Angle    Proper Dih. Per. Imp. Dih.          LJ-14
    7.34231e+02    4.04360e+03    9.53250e+03    2.99413e+02    4.01390e+03
     Coulomb-14        LJ (SR)   Coulomb (SR)      Potential Pressure (bar)
    3.52995e+04   -4.80680e+03   -6.04562e+04   -1.13398e+04    3.89699e+02

           Step           Time
             65       65.00000

   Energies (kJ/mol)
           Bond          Angle    Proper Dih. Per. Imp. Dih.          LJ-14
    6.99124e+02    4.02508e+03    9.52629e+03    2.98412e+02    4.00226e+03
     Coulomb-14        LJ (SR)   Coulomb (SR)      Potential Pressure (bar)
    3.52958e+04   -4.82664e+03   -6.04711e+04   -1.14508e+04    3.87848e+02

           Step           Time
             66       66.00000

           Step           Time
             67       67.00000

   Energies (kJ/mol)
           Bond          Angle    Proper Dih. Per. Imp. Dih.          LJ-14
    6.59166e+02    4.01019e+03    9.52224e+03    2.96258e+02    3.99476e+03
     Coulomb-14        LJ (SR)   Coulomb (SR)      Potential Pressure (bar)
    3.52889e+04   -4.84176e+03   -6.04715e+04   -1.15418e+04    3.84629e+02

           Step           Time
             68       68.00000

   Energies (kJ/mol)
           Bond          Angle    Proper Dih. Per. Imp. Dih.          LJ-14
    7.10675e+02    3.98685e+03    9.51058e+03    2.93178e+02    3.97337e+03
     Coulomb-14        LJ (SR)   Coulomb (SR)      Potential Pressure (bar)
    3.52779e+04   -4.88016e+03   -6.04906e+04   -1.16183e+04    3.77583e+02

           Step           Time
             69       69.00000

   Energies (kJ/mol)
           Bond          Angle    Proper Dih. Per. Imp. Dih.          LJ-14
    6.71397e+02    3.97104e+03    9.50586e+03    2.90603e+02    3.96542e+03
     Coulomb-14        LJ (SR)   Coulomb (SR)      Potential Pressure (bar)
    3.52699e+04   -4.89680e+03   -6.04902e+04   -1.17128e+04    3.74550e+02

           Step           Time
             70       70.00000

   Energies (kJ/mol)
           Bond          Angle    Proper Dih. Per. Imp. Dih.          LJ-14
    7.46734e+02    3.95721e+03    9.49637e+03    2.88943e+02    3.94915e+03
     Coulomb-14        LJ (SR)   Coulomb (SR)      Potential Pressure (bar)
    3.52627e+04   -4.92600e+03   -6.05085e+04   -1.17333e+04    3.67549e+02

           Step           Time
             71       71.00000

   Energies (kJ/mol)
           Bond          Angle    Proper Dih. Per. Imp. Dih.          LJ-14
    7.14983e+02    3.94211e+03    9.49134e+03    2.85948e+02    3.94116e+03
     Coulomb-14        LJ (SR)   Coulomb (SR)      Potential Pressure (bar)
    3.52534e+04   -4.94296e+03   -6.05058e+04   -1.18199e+04    3.65462e+02

           Step           Time
             72       72.00000

           Step           Time
             73       73.00000

   Energies (kJ/mol)
           Bond          Angle    Proper Dih. Per. Imp. Dih.          LJ-14
    6.39181e+02    3.92516e+03    9.48687e+03    2.85454e+02    3.93362e+03
     Coulomb-14        LJ (SR)   Coulomb (SR)      Potential Pressure (bar)
    3.52512e+04   -4.95586e+03   -6.05162e+04   -1.19506e+04    3.63714e+02

           Step           Time
             74       74.00000

   Energies (kJ/mol)
           Bond          Angle    Proper Dih. Per. Imp. Dih.          LJ-14
    7.58531e+02    3.89525e+03    9.46779e+03    2.79111e+02    3.90364e+03
     Coulomb-14        LJ (SR)   Coulomb (SR)      Potential Pressure (bar)
    3.52279e+04   -5.01264e+03   -6.05310e+04   -1.20115e+04    3.52082e+02

           Step           Time
             75       75.00000

   Energies (kJ/mol)
           Bond          Angle    Proper Dih. Per. Imp. Dih.          LJ-14
    6.45867e+02    3.87461e+03    9.46249e+03    2.78815e+02    3.89520e+03
     Coulomb-14        LJ (SR)   Coulomb (SR)      Potential Pressure (bar)
    3.52268e+04   -5.02673e+03   -6.05451e+04   -1.21881e+04    3.50480e+02

           Step           Time
             76       76.00000

           Step           Time
             77       77.00000

   Energies (kJ/mol)
           Bond          Angle    Proper Dih. Per. Imp. Dih.          LJ-14
    6.45607e+02    3.86191e+03    9.45596e+03    2.76362e+02    3.88625e+03
     Coulomb-14        LJ (SR)   Coulomb (SR)      Potential Pressure (bar)
    3.52184e+04   -5.04439e+03   -6.05479e+04   -1.22477e+04    3.45723e+02

           Step           Time
             78       78.00000

   Energies (kJ/mol)
           Bond          Angle    Proper Dih. Per. Imp. Dih.          LJ-14
    6.59683e+02    3.84934e+03    9.44849e+03    2.75234e+02    3.87518e+03
     Coulomb-14        LJ (SR)   Coulomb (SR)      Potential Pressure (bar)
    3.52140e+04   -5.06371e+03   -6.05611e+04   -1.23028e+04    3.41512e+02

           Step           Time
             79       79.00000

   Energies (kJ/mol)
           Bond          Angle    Proper Dih. Per. Imp. Dih.          LJ-14
    6.75528e+02    3.83843e+03    9.44167e+03    2.72611e+02    3.86667e+03
     Coulomb-14        LJ (SR)   Coulomb (SR)      Potential Pressure (bar)
    3.52044e+04   -5.08065e+03   -6.05621e+04   -1.23434e+04    3.37981e+02

           Step           Time
             80       80.00000

   Energies (kJ/mol)
           Bond          Angle    Proper Dih. Per. Imp. Dih.          LJ-14
    6.95291e+02    3.82775e+03    9.43405e+03    2.71903e+02    3.85580e+03
     Coulomb-14        LJ (SR)   Coulomb (SR)      Potential Pressure (bar)
    3.52011e+04   -5.09921e+03   -6.05776e+04   -1.23909e+04    3.33097e+02

           Step           Time
             81       81.00000

   Energies (kJ/mol)
           Bond          Angle    Proper Dih. Per. Imp. Dih.          LJ-14
    7.43355e+02    3.82028e+03    9.42708e+03    2.69056e+02    3.84812e+03
     Coulomb-14        LJ (SR)   Coulomb (SR)      Potential Pressure (bar)
    3.51904e+04   -5.11502e+03   -6.05751e+04   -1.23918e+04    3.28304e+02

           Step           Time
             82       82.00000

   Energies (kJ/mol)
           Bond          Angle    Proper Dih. Per. Imp. Dih.          LJ-14
    7.75658e+02    3.81150e+03    9.41921e+03    2.68824e+02    3.83682e+03
     Coulomb-14        LJ (SR)   Coulomb (SR)      Potential Pressure (bar)
    3.51889e+04   -5.13378e+03   -6.05944e+04   -1.24272e+04    3.25282e+02

           Step           Time
             83       83.00000

           Step           Time
             84       84.00000

   Energies (kJ/mol)
           Bond          Angle    Proper Dih. Per. Imp. Dih.          LJ-14
    6.08522e+02    3.78918e+03    9.41577e+03    2.67092e+02    3.83341e+03
     Coulomb-14        LJ (SR)   Coulomb (SR)      Potential Pressure (bar)
    3.51829e+04   -5.14109e+03   -6.05918e+04   -1.26360e+04    3.24295e+02

           Step           Time
             85       85.00000

           Step           Time
             86       86.00000

   Energies (kJ/mol)
           Bond          Angle    Proper Dih. Per. Imp. Dih.          LJ-14
    6.43725e+02    3.77170e+03    9.40209e+03    2.64884e+02    3.81698e+03
     Coulomb-14        LJ (SR)   Coulomb (SR)      Potential Pressure (bar)
    3.51735e+04   -5.17079e+03   -6.06091e+04   -1.27071e+04    3.19663e+02

           Step           Time
             87       87.00000

   Energies (kJ/mol)
           Bond          Angle    Proper Dih. Per. Imp. Dih.          LJ-14
    6.17639e+02    3.76106e+03    9.39649e+03    2.63079e+02    3.81128e+03
     Coulomb-14        LJ (SR)   Coulomb (SR)      Potential Pressure (bar)
    3.51664e+04   -5.18190e+03   -6.06099e+04   -1.27758e+04    3.16604e+02

           Step           Time
             88       88.00000

   Energies (kJ/mol)
           Bond          Angle    Proper Dih. Per. Imp. Dih.          LJ-14
    6.66181e+02    3.75187e+03    9.38638e+03    2.61967e+02    3.79942e+03
     Coulomb-14        LJ (SR)   Coulomb (SR)      Potential Pressure (bar)
    3.51615e+04   -5.20279e+03   -6.06253e+04   -1.28008e+04    3.12227e+02

           Step           Time
             89       89.00000

   Energies (kJ/mol)
           Bond          Angle    Proper Dih. Per. Imp. Dih.          LJ-14
    6.47217e+02    3.74165e+03    9.38015e+03    2.59923e+02    3.79381e+03
     Coulomb-14        LJ (SR)   Coulomb (SR)      Potential Pressure (bar)
    3.51529e+04   -5.21420e+03   -6.06243e+04   -1.28629e+04    3.09647e+02

           Step           Time
             90       90.00000

           Step           Time
             91       91.00000

   Energies (kJ/mol)
           Bond          Angle    Proper Dih. Per. Imp. Dih.          LJ-14
    5.97004e+02    3.73043e+03    9.37545e+03    2.59655e+02    3.78825e+03
     Coulomb-14        LJ (SR)   Coulomb (SR)      Potential Pressure (bar)
    3.51515e+04   -5.22371e+03   -6.06331e+04   -1.29545e+04    3.09018e+02

           Step           Time
             92       92.00000

   Energies (kJ/mol)
           Bond          Angle    Proper Dih. Per. Imp. Dih.          LJ-14
    6.77364e+02    3.70918e+03    9.35242e+03    2.55542e+02    3.76548e+03
     Coulomb-14        LJ (SR)   Coulomb (SR)      Potential Pressure (bar)
    3.51311e+04   -5.26557e+03   -6.06491e+04   -1.30236e+04    3.01248e+02

           Step           Time
             93       93.00000

   Energies (kJ/mol)
           Bond          Angle    Proper Dih. Per. Imp. Dih.          LJ-14
    6.02522e+02    3.69575e+03    9.34705e+03    2.55387e+02    3.75915e+03
     Coulomb-14        LJ (SR)   Coulomb (SR)      Potential Pressure (bar)
    3.51303e+04   -5.27616e+03   -6.06605e+04   -1.31465e+04    3.00201e+02

           Step           Time
             94       94.00000

           Step           Time
             95       95.00000

   Energies (kJ/mol)
           Bond          Angle    Proper Dih. Per. Imp. Dih.          LJ-14
    6.02797e+02    3.68717e+03    9.33953e+03    2.53749e+02    3.75260e+03
     Coulomb-14        LJ (SR)   Coulomb (SR)      Potential Pressure (bar)
    3.51228e+04   -5.28865e+03   -6.06635e+04   -1.31934e+04    2.97786e+02

           Step           Time
             96       96.00000

   Energies (kJ/mol)
           Bond          Angle    Proper Dih. Per. Imp. Dih.          LJ-14
    6.12326e+02    3.67904e+03    9.33172e+03    2.53109e+02    3.74456e+03
     Coulomb-14        LJ (SR)   Coulomb (SR)      Potential Pressure (bar)
    3.51193e+04   -5.30316e+03   -6.06750e+04   -1.32381e+04    2.93822e+02

           Step           Time
             97       97.00000

   Energies (kJ/mol)
           Bond          Angle    Proper Dih. Per. Imp. Dih.          LJ-14
    6.23205e+02    3.67162e+03    9.32395e+03    2.51423e+02    3.73818e+03
     Coulomb-14        LJ (SR)   Coulomb (SR)      Potential Pressure (bar)
    3.51112e+04   -5.31532e+03   -6.06764e+04   -1.32721e+04    2.90555e+02

           Step           Time
             98       98.00000

   Energies (kJ/mol)
           Bond          Angle    Proper Dih. Per. Imp. Dih.          LJ-14
    6.36024e+02    3.66417e+03    9.31649e+03    2.51087e+02    3.73020e+03
     Coulomb-14        LJ (SR)   Coulomb (SR)      Potential Pressure (bar)
    3.51086e+04   -5.32957e+03   -6.06897e+04   -1.33126e+04    2.88138e+02

           Step           Time
             99       99.00000

   Energies (kJ/mol)
           Bond          Angle    Proper Dih. Per. Imp. Dih.          LJ-14
    6.70394e+02    3.65961e+03    9.30892e+03    2.49267e+02    3.72445e+03
     Coulomb-14        LJ (SR)   Coulomb (SR)      Potential Pressure (bar)
    3.50996e+04   -5.34085e+03   -6.06886e+04   -1.33172e+04    2.84765e+02

           Step           Time
            100      100.00000

   Energies (kJ/mol)
           Bond          Angle    Proper Dih. Per. Imp. Dih.          LJ-14
    6.89557e+02    3.65290e+03    9.30168e+03    2.49257e+02    3.71617e+03
     Coulomb-14        LJ (SR)   Coulomb (SR)      Potential Pressure (bar)
    3.50985e+04   -5.35548e+03   -6.07046e+04   -1.33520e+04    2.83250e+02

           Step           Time
            101      101.00000

           Step           Time
            102      102.00000

   Energies (kJ/mol)
           Bond          Angle    Proper Dih. Per. Imp. Dih.          LJ-14
    5.79568e+02    3.63834e+03    9.29805e+03    2.48109e+02    3.71362e+03
     Coulomb-14        LJ (SR)   Coulomb (SR)      Potential Pressure (bar)
    3.50932e+04   -5.36059e+03   -6.07029e+04   -1.34926e+04    2.82771e+02

           Step           Time
            103      103.00000

           Step           Time
            104      104.00000

   Energies (kJ/mol)
           Bond          Angle    Proper Dih. Per. Imp. Dih.          LJ-14
    6.02546e+02    3.62792e+03    9.28628e+03    2.46807e+02    3.70177e+03
     Coulomb-14        LJ (SR)   Coulomb (SR)      Potential Pressure (bar)
    3.50858e+04   -5.38190e+03   -6.07166e+04   -1.35473e+04    2.80544e+02

           Step           Time
            105      105.00000

   Energies (kJ/mol)
           Bond          Angle    Proper Dih. Per. Imp. Dih.          LJ-14
    5.86510e+02    3.62014e+03    9.28104e+03    2.45711e+02    3.69763e+03
     Coulomb-14        LJ (SR)   Coulomb (SR)      Potential Pressure (bar)
    3.50797e+04   -5.39009e+03   -6.07183e+04   -1.35976e+04    2.77485e+02

           Step           Time
            106      106.00000

   Energies (kJ/mol)
           Bond          Angle    Proper Dih. Per. Imp. Dih.          LJ-14
    6.18641e+02    3.61410e+03    9.27271e+03    2.45123e+02    3.68855e+03
     Coulomb-14        LJ (SR)   Coulomb (SR)      Potential Pressure (bar)
    3.50756e+04   -5.40612e+03   -6.07306e+04   -1.36220e+04    2.75639e+02

           Step           Time
            107      107.00000

   Energies (kJ/mol)
           Bond          Angle    Proper Dih. Per. Imp. Dih.          LJ-14
    6.07717e+02    3.60653e+03    9.26725e+03    2.43826e+02    3.68441e+03
     Coulomb-14        LJ (SR)   Coulomb (SR)      Potential Pressure (bar)
    3.50683e+04   -5.41458e+03   -6.07310e+04   -1.36675e+04    2.73867e+02

           Step           Time
            108      108.00000

   Energies (kJ/mol)
           Bond          Angle    Proper Dih. Per. Imp. Dih.          LJ-14
    6.54953e+02    3.60289e+03    9.26013e+03    2.43691e+02    3.67595e+03
     Coulomb-14        LJ (SR)   Coulomb (SR)      Potential Pressure (bar)
    3.50660e+04   -5.42908e+03   -6.07447e+04   -1.36701e+04    2.71259e+02

           Step           Time
            109      109.00000

   Energies (kJ/mol)
           Bond          Angle    Proper Dih. Per. Imp. Dih.          LJ-14
    6.58582e+02    3.59684e+03    9.25471e+03    2.41936e+02    3.67232e+03
     Coulomb-14        LJ (SR)   Coulomb (SR)      Potential Pressure (bar)
    3.50573e+04   -5.43696e+03   -6.07426e+04   -1.36979e+04    2.68470e+02

           Step           Time
            110      110.00000

           Step           Time
            111      111.00000

   Energies (kJ/mol)
           Bond          Angle    Proper Dih. Per. Imp. Dih.          LJ-14
    5.70174e+02    3.58415e+03    9.25145e+03    2.42043e+02    3.66780e+03
     Coulomb-14        LJ (SR)   Coulomb (SR)      Potential Pressure (bar)
    3.50572e+04   -5.44427e+03   -6.07512e+04   -1.38226e+04    2.68016e+02

           Step           Time
            112      112.00000

   Energies (kJ/mol)
           Bond          Angle    Proper Dih. Per. Imp. Dih.          LJ-14
    7.09375e+02    3.56840e+03    9.22752e+03    2.38371e+02    3.64439e+03
     Coulomb-14        LJ (SR)   Coulomb (SR)      Potential Pressure (bar)
    3.50325e+04   -5.48735e+03   -6.07725e+04   -1.38393e+04    2.56710e+02

           Step           Time
            113      113.00000

   Energies (kJ/mol)
           Bond          Angle    Proper Dih. Per. Imp. Dih.          LJ-14
    5.80851e+02    3.55215e+03    9.22416e+03    2.38580e+02    3.63894e+03
     Coulomb-14        LJ (SR)   Coulomb (SR)      Potential Pressure (bar)
    3.50338e+04   -5.49586e+03   -6.07844e+04   -1.40118e+04    2.56590e+02

           Step           Time
            114      114.00000

           Step           Time
            115      115.00000

   Energies (kJ/mol)
           Bond          Angle    Proper Dih. Per. Imp. Dih.          LJ-14
    5.93965e+02    3.54662e+03    9.21874e+03    2.37327e+02    3.63400e+03
     Coulomb-14        LJ (SR)   Coulomb (SR)      Potential Pressure (bar)
    3.50265e+04   -5.50563e+03   -6.07872e+04   -1.40356e+04    2.54089e+02

           Step           Time
            116      116.00000

   Energies (kJ/mol)
           Bond          Angle    Proper Dih. Per. Imp. Dih.          LJ-14
    5.97689e+02    3.54115e+03    9.21410e+03    2.37239e+02    3.62778e+03
     Coulomb-14        LJ (SR)   Coulomb (SR)      Potential Pressure (bar)
    3.50251e+04   -5.51612e+03   -6.07983e+04   -1.40713e+04    2.52480e+02

           Step           Time
            117      117.00000

           Step           Time
            118      118.00000

   Energies (kJ/mol)
           Bond          Angle    Proper Dih. Per. Imp. Dih.          LJ-14
    5.61042e+02    3.53419e+03    9.21145e+03    2.36524e+02    3.62559e+03
     Coulomb-14        LJ (SR)   Coulomb (SR)      Potential Pressure (bar)
    3.50210e+04   -5.52054e+03   -6.07987e+04   -1.41295e+04    2.51110e+02

           Step           Time
            119      119.00000

   Energies (kJ/mol)
           Bond          Angle    Proper Dih. Per. Imp. Dih.          LJ-14
    6.07318e+02    3.52180e+03    9.19820e+03    2.35075e+02    3.61045e+03
     Coulomb-14        LJ (SR)   Coulomb (SR)      Potential Pressure (bar)
    3.50103e+04   -5.54759e+03   -6.08190e+04   -1.41835e+04    2.45533e+02

           Step           Time
            120      120.00000

   Energies (kJ/mol)
           Bond          Angle    Proper Dih. Per. Imp. Dih.          LJ-14
    5.68922e+02    3.51437e+03    9.19510e+03    2.34272e+02    3.60806e+03
     Coulomb-14        LJ (SR)   Coulomb (SR)      Potential Pressure (bar)
    3.50051e+04   -5.55255e+03   -6.08194e+04   -1.42460e+04    2.43698e+02

           Step           Time
            121      121.00000

           Step           Time
            122      122.00000

   Energies (kJ/mol)
           Bond          Angle    Proper Dih. Per. Imp. Dih.          LJ-14
    5.63370e+02    3.50941e+03    9.19171e+03    2.34026e+02    3.60340e+03
     Coulomb-14        LJ (SR)   Coulomb (SR)      Potential Pressure (bar)
    3.50034e+04   -5.56037e+03   -6.08265e+04   -1.42816e+04    2.43902e+02

           Step           Time
            123      123.00000

   Energies (kJ/mol)
           Bond          Angle    Proper Dih. Per. Imp. Dih.          LJ-14
    5.79820e+02    3.50317e+03    9.18566e+03    2.33007e+02    3.59788e+03
     Coulomb-14        LJ (SR)   Coulomb (SR)      Potential Pressure (bar)
    3.49962e+04   -5.57146e+03   -6.08324e+04   -1.43081e+04    2.39830e+02

           Step           Time
            124      124.00000

   Energies (kJ/mol)
           Bond          Angle    Proper Dih. Per. Imp. Dih.          LJ-14
    5.70740e+02    3.49792e+03    9.18225e+03    2.32921e+02    3.59269e+03
     Coulomb-14        LJ (SR)   Coulomb (SR)      Potential Pressure (bar)
    3.49948e+04   -5.57968e+03   -6.08406e+04   -1.43489e+04    2.39478e+02

           Step           Time
            125      125.00000

   Energies (kJ/mol)
           Bond          Angle    Proper Dih. Per. Imp. Dih.          LJ-14
    6.03643e+02    3.49400e+03    9.17675e+03    2.31651e+02    3.58825e+03
     Coulomb-14        LJ (SR)   Coulomb (SR)      Potential Pressure (bar)
    3.49870e+04   -5.58941e+03   -6.08441e+04   -1.43523e+04    2.35035e+02

           Step           Time
            126      126.00000

   Energies (kJ/mol)
           Bond          Angle    Proper Dih. Per. Imp. Dih.          LJ-14
    5.90092e+02    3.48843e+03    9.17332e+03    2.31793e+02    3.58248e+03
     Coulomb-14        LJ (SR)   Coulomb (SR)      Potential Pressure (bar)
    3.49866e+04   -5.59822e+03   -6.08540e+04   -1.43994e+04    2.35168e+02

           Step           Time
            127      127.00000

           Step           Time
            128      128.00000

   Energies (kJ/mol)
           Bond          Angle    Proper Dih. Per. Imp. Dih.          LJ-14
    5.56291e+02    3.48195e+03    9.17077e+03    2.31059e+02    3.58077e+03
     Coulomb-14        LJ (SR)   Coulomb (SR)      Potential Pressure (bar)
    3.49824e+04   -5.60232e+03   -6.08548e+04   -1.44538e+04    2.33797e+02

           Step           Time
            129      129.00000

   Energies (kJ/mol)
           Bond          Angle    Proper Dih. Per. Imp. Dih.          LJ-14
    6.05995e+02    3.47717e+03    9.16274e+03    2.30017e+02    3.57087e+03
     Coulomb-14        LJ (SR)   Coulomb (SR)      Potential Pressure (bar)
    3.49766e+04   -5.62009e+03   -6.08700e+04   -1.44667e+04    2.31658e+02

           Step           Time
            130      130.00000

   Energies (kJ/mol)
           Bond          Angle    Proper Dih. Per. Imp. Dih.          LJ-14
    5.68878e+02    3.46982e+03    9.15995e+03    2.29450e+02    3.56883e+03
     Coulomb-14        LJ (SR)   Coulomb (SR)      Potential Pressure (bar)
    3.49711e+04   -5.62450e+03   -6.08697e+04   -1.45261e+04    2.28373e+02

           Step           Time
            131      131.00000

           Step           Time
            132      132.00000

   Energies (kJ/mol)
           Bond          Angle    Proper Dih. Per. Imp. Dih.          LJ-14
    5.56909e+02    3.46508e+03    9.15726e+03    2.29314e+02    3.56487e+03
     Coulomb-14        LJ (SR)   Coulomb (SR)      Potential Pressure (bar)
    3.49699e+04   -5.63103e+03   -6.08764e+04   -1.45640e+04    2.28795e+02

           Step           Time
            133      133.00000

   Energies (kJ/mol)
           Bond          Angle    Proper Dih. Per. Imp. Dih.          LJ-14
    5.85026e+02    3.45980e+03    9.15131e+03    2.28272e+02    3.55936e+03
     Coulomb-14        LJ (SR)   Coulomb (SR)      Potential Pressure (bar)
    3.49620e+04   -5.64220e+03   -6.08825e+04   -1.45790e+04    2.26548e+02

           Step           Time
            134      134.00000

   Energies (kJ/mol)
           Bond          Angle    Proper Dih. Per. Imp. Dih.          LJ-14
    5.65715e+02    3.45464e+03    9.14851e+03    2.28135e+02    3.55466e+03
     Coulomb-14        LJ (SR)   Coulomb (SR)      Potential Pressure (bar)
    3.49614e+04   -5.64937e+03   -6.08901e+04   -1.46264e+04    2.26214e+02

           Step           Time
            135      135.00000

           Step           Time
            136      136.00000

   Energies (kJ/mol)
           Bond          Angle    Proper Dih. Per. Imp. Dih.          LJ-14
    5.52722e+02    3.44983e+03    9.14593e+03    2.27524e+02    3.55257e+03
     Coulomb-14        LJ (SR)   Coulomb (SR)      Potential Pressure (bar)
    3.49573e+04   -5.65393e+03   -6.08921e+04   -1.46601e+04    2.24917e+02

           Step           Time
            137      137.00000

   Energies (kJ/mol)
           Bond          Angle    Proper Dih. Per. Imp. Dih.          LJ-14
    5.73686e+02    3.44545e+03    9.14072e+03    2.27054e+02    3.54574e+03
     Coulomb-14        LJ (SR)   Coulomb (SR)      Potential Pressure (bar)
    3.49535e+04   -5.66577e+03   -6.09030e+04   -1.46827e+04    2.23214e+02

           Step           Time
            138      138.00000

   Energies (kJ/mol)
           Bond          Angle    Proper Dih. Per. Imp. Dih.          LJ-14
    5.62172e+02    3.44030e+03    9.13790e+03    2.26320e+02    3.54347e+03
     Coulomb-14        LJ (SR)   Coulomb (SR)      Potential Pressure (bar)
    3.49486e+04   -5.67060e+03   -6.09046e+04   -1.47165e+04    2.19595e+02

           Step           Time
            139      139.00000

   Energies (kJ/mol)
           Bond          Angle    Proper Dih. Per. Imp. Dih.          LJ-14
    5.91863e+02    3.43820e+03    9.13375e+03    2.26131e+02    3.53762e+03
     Coulomb-14        LJ (SR)   Coulomb (SR)      Potential Pressure (bar)
    3.49466e+04   -5.68065e+03   -6.09153e+04   -1.47218e+04    2.19705e+02

           Step           Time
            140      140.00000

   Energies (kJ/mol)
           Bond          Angle    Proper Dih. Per. Imp. Dih.          LJ-14
    5.86084e+02    3.43322e+03    9.13080e+03    2.25263e+02    3.53543e+03
     Coulomb-14        LJ (SR)   Coulomb (SR)      Potential Pressure (bar)
    3.49406e+04   -5.68526e+03   -6.09157e+04   -1.47496e+04    2.16812e+02

           Step           Time
            141      141.00000

           Step           Time
            142      142.00000

   Energies (kJ/mol)
           Bond          Angle    Proper Dih. Per. Imp. Dih.          LJ-14
    5.47587e+02    3.42731e+03    9.12896e+03    2.25292e+02    3.53246e+03
     Coulomb-14        LJ (SR)   Coulomb (SR)      Potential Pressure (bar)
    3.49404e+04   -5.69021e+03   -6.09217e+04   -1.48099e+04    2.17126e+02

           Step           Time
            143      143.00000

   Energies (kJ/mol)
           Bond          Angle    Proper Dih. Per. Imp. Dih.          LJ-14
    6.15010e+02    3.41871e+03    9.11773e+03    2.23396e+02    3.52039e+03
     Coulomb-14        LJ (SR)   Coulomb (SR)      Potential Pressure (bar)
    3.49263e+04   -5.71229e+03   -6.09376e+04   -1.48284e+04    2.09542e+02

           Step           Time
            144      144.00000

   Energies (kJ/mol)
           Bond          Angle    Proper Dih. Per. Imp. Dih.          LJ-14
    5.53013e+02    3.41094e+03    9.11580e+03    2.23434e+02    3.51686e+03
     Coulomb-14        LJ (SR)   Coulomb (SR)      Potential Pressure (bar)
    3.49269e+04   -5.71843e+03   -6.09453e+04   -1.49168e+04    2.09942e+02

           Step           Time
            145      145.00000

           Step           Time
            146      146.00000

   Energies (kJ/mol)
           Bond          Angle    Proper Dih. Per. Imp. Dih.          LJ-14
    5.58357e+02    3.40656e+03    9.11252e+03    2.22811e+02    3.51372e+03
     Coulomb-14        LJ (SR)   Coulomb (SR)      Potential Pressure (bar)
    3.49218e+04   -5.72442e+03   -6.09486e+04   -1.49373e+04    2.08606e+02

           Step           Time
            147      147.00000

   Energies (kJ/mol)
           Bond          Angle    Proper Dih. Per. Imp. Dih.          LJ-14
    5.61982e+02    3.40407e+03    9.10967e+03    2.22651e+02    3.50947e+03
     Coulomb-14        LJ (SR)   Coulomb (SR)      Potential Pressure (bar)
    3.49206e+04   -5.73194e+03   -6.09568e+04   -1.49604e+04    2.08106e+02

           Step           Time
            148      148.00000

   Energies (kJ/mol)
           Bond          Angle    Proper Dih. Per. Imp. Dih.          LJ-14
    5.76670e+02    3.40033e+03    9.10636e+03    2.21990e+02    3.50687e+03
     Coulomb-14        LJ (SR)   Coulomb (SR)      Potential Pressure (bar)
    3.49146e+04   -5.73742e+03   -6.09588e+04   -1.49695e+04    2.06967e+02

           Step           Time
            149      149.00000

   Energies (kJ/mol)
           Bond          Angle    Proper Dih. Per. Imp. Dih.          LJ-14
    5.82805e+02    3.39855e+03    9.10360e+03    2.22045e+02    3.50226e+03
     Coulomb-14        LJ (SR)   Coulomb (SR)      Potential Pressure (bar)
    3.49143e+04   -5.74543e+03   -6.09685e+04   -1.49904e+04    2.05196e+02

           Step           Time
            150      150.00000

           Step           Time
            151      151.00000

   Energies (kJ/mol)
           Bond          Angle    Proper Dih. Per. Imp. Dih.          LJ-14
    5.41911e+02    3.39185e+03    9.10196e+03    2.21645e+02    3.50117e+03
     Coulomb-14        LJ (SR)   Coulomb (SR)      Potential Pressure (bar)
    3.49109e+04   -5.74769e+03   -6.09688e+04   -1.50470e+04    2.04549e+02

           Step           Time
            152      152.00000

   Energies (kJ/mol)
           Bond          Angle    Proper Dih. Per. Imp. Dih.          LJ-14
    5.98025e+02    3.38669e+03    9.09274e+03    2.20931e+02    3.48948e+03
     Coulomb-14        LJ (SR)   Coulomb (SR)      Potential Pressure (bar)
    3.49026e+04   -5.76939e+03   -6.09887e+04   -1.50676e+04    1.98076e+02

           Step           Time
            153      153.00000

   Energies (kJ/mol)
           Bond          Angle    Proper Dih. Per. Imp. Dih.          LJ-14
    5.52042e+02    3.37882e+03    9.09078e+03    2.20309e+02    3.48838e+03
     Coulomb-14        LJ (SR)   Coulomb (SR)      Potential Pressure (bar)
    3.48977e+04   -5.77141e+03   -6.09886e+04   -1.51320e+04    1.97459e+02

           Step           Time
            154      154.00000

           Step           Time
            155      155.00000

   Energies (kJ/mol)
           Bond          Angle    Proper Dih. Per. Imp. Dih.          LJ-14
    5.48385e+02    3.37589e+03    9.08850e+03    2.20231e+02    3.48514e+03
     Coulomb-14        LJ (SR)   Coulomb (SR)      Potential Pressure (bar)
    3.48967e+04   -5.77731e+03   -6.09952e+04   -1.51576e+04    1.96098e+02

           Step           Time
            156      156.00000

   Energies (kJ/mol)
           Bond          Angle    Proper Dih. Per. Imp. Dih.          LJ-14
    5.61466e+02    3.37194e+03    9.08515e+03    2.19623e+02    3.48214e+03
     Coulomb-14        LJ (SR)   Coulomb (SR)      Potential Pressure (bar)
    3.48910e+04   -5.78274e+03   -6.09990e+04   -1.51703e+04    1.93974e+02

           Step           Time
            157      157.00000

   Energies (kJ/mol)
           Bond          Angle    Proper Dih. Per. Imp. Dih.          LJ-14
    5.60305e+02    3.36967e+03    9.08277e+03    2.19604e+02    3.47846e+03
     Coulomb-14        LJ (SR)   Coulomb (SR)      Potential Pressure (bar)
    3.48907e+04   -5.78957e+03   -6.10065e+04   -1.51946e+04    1.94194e+02

           Step           Time
            158      158.00000

   Energies (kJ/mol)
           Bond          Angle    Proper Dih. Per. Imp. Dih.          LJ-14
    5.80110e+02    3.36618e+03    9.07972e+03    2.18916e+02    3.47619e+03
     Coulomb-14        LJ (SR)   Coulomb (SR)      Potential Pressure (bar)
    3.48846e+04   -5.79377e+03   -6.10082e+04   -1.51963e+04    1.90427e+02

           Step           Time
            159      159.00000

   Energies (kJ/mol)
           Bond          Angle    Proper Dih. Per. Imp. Dih.          LJ-14
    5.86353e+02    3.36524e+03    9.07726e+03    2.18982e+02    3.47204e+03
     Coulomb-14        LJ (SR)   Coulomb (SR)      Potential Pressure (bar)
    3.48850e+04   -5.80146e+03   -6.10171e+04   -1.52137e+04    1.89717e+02

           Step           Time
            160      160.00000

           Step           Time
            161      161.00000

   Energies (kJ/mol)
           Bond          Angle    Proper Dih. Per. Imp. Dih.          LJ-14
    5.38179e+02    3.35774e+03    9.07587e+03    2.18588e+02    3.47119e+03
     Coulomb-14        LJ (SR)   Coulomb (SR)      Potential Pressure (bar)
    3.48815e+04   -5.80302e+03   -6.10172e+04   -1.52771e+04    1.87803e+02

           Step           Time
            162      162.00000

   Energies (kJ/mol)
           Bond          Angle    Proper Dih. Per. Imp. Dih.          LJ-14
    6.09410e+02    3.35292e+03    9.06550e+03    2.17454e+02    3.45824e+03
     Coulomb-14        LJ (SR)   Coulomb (SR)      Potential Pressure (bar)
    3.48726e+04   -5.82635e+03   -6.10395e+04   -1.52897e+04    1.83247e+02

           Step           Time
            163      163.00000

   Energies (kJ/mol)
           Bond          Angle    Proper Dih. Per. Imp. Dih.          LJ-14
    5.42298e+02    3.34223e+03    9.06400e+03    2.17015e+02    3.45771e+03
     Coulomb-14        LJ (SR)   Coulomb (SR)      Potential Pressure (bar)
    3.48678e+04   -5.82790e+03   -6.10391e+04   -1.53760e+04    1.82183e+02

           Step           Time
            164      164.00000

           Step           Time
            165      165.00000

   Energies (kJ/mol)
           Bond          Angle    Proper Dih. Per. Imp. Dih.          LJ-14
    5.52378e+02    3.34087e+03    9.06132e+03    2.16911e+02    3.45380e+03
     Coulomb-14        LJ (SR)   Coulomb (SR)      Potential Pressure (bar)
    3.48657e+04   -5.83500e+03   -6.10470e+04   -1.53911e+04    1.80885e+02

           Step           Time
            166      166.00000

   Energies (kJ/mol)
           Bond          Angle    Proper Dih. Per. Imp. Dih.          LJ-14
    5.49295e+02    3.33668e+03    9.05913e+03    2.16430e+02    3.45216e+03
     Coulomb-14        LJ (SR)   Coulomb (SR)      Potential Pressure (bar)
    3.48609e+04   -5.83806e+03   -6.10485e+04   -1.54119e+04    1.79244e+02

           Step           Time
            167      167.00000

   Energies (kJ/mol)
           Bond          Angle    Proper Dih. Per. Imp. Dih.          LJ-14
    5.68124e+02    3.33648e+03    9.05654e+03    2.16304e+02    3.44807e+03
     Coulomb-14        LJ (SR)   Coulomb (SR)      Potential Pressure (bar)
    3.48599e+04   -5.84540e+03   -6.10570e+04   -1.54170e+04    1.79070e+02

           Step           Time
            168      168.00000

   Energies (kJ/mol)
           Bond          Angle    Proper Dih. Per. Imp. Dih.          LJ-14
    5.64872e+02    3.33184e+03    9.05421e+03    2.15744e+02    3.44683e+03
     Coulomb-14        LJ (SR)   Coulomb (SR)      Potential Pressure (bar)
    3.48546e+04   -5.84786e+03   -6.10571e+04   -1.54369e+04    1.76612e+02

           Step           Time
            169      169.00000

           Step           Time
            170      170.00000

   Energies (kJ/mol)
           Bond          Angle    Proper Dih. Per. Imp. Dih.          LJ-14
    5.35812e+02    3.32839e+03    9.05296e+03    2.15760e+02    3.44457e+03
     Coulomb-14        LJ (SR)   Coulomb (SR)      Potential Pressure (bar)
    3.48547e+04   -5.85172e+03   -6.10622e+04   -1.54818e+04    1.76435e+02

           Step           Time
            171      171.00000

   Energies (kJ/mol)
           Bond          Angle    Proper Dih. Per. Imp. Dih.          LJ-14
    5.76330e+02    3.32275e+03    9.04588e+03    2.14525e+02    3.43759e+03
     Coulomb-14        LJ (SR)   Coulomb (SR)      Potential Pressure (bar)
    3.48442e+04   -5.86514e+03   -6.10732e+04   -1.54971e+04    1.73622e+02

           Step           Time
            172      172.00000

   Energies (kJ/mol)
           Bond          Angle    Proper Dih. Per. Imp. Dih.          LJ-14
    5.42155e+02    3.31882e+03    9.04440e+03    2.14543e+02    3.43483e+03
     Coulomb-14        LJ (SR)   Coulomb (SR)      Potential Pressure (bar)
    3.48448e+04   -5.86982e+03   -6.10792e+04   -1.55494e+04    1.72261e+02

           Step           Time
            173      173.00000

           Step           Time
            174      174.00000

   Energies (kJ/mol)
           Bond          Angle    Proper Dih. Per. Imp. Dih.          LJ-14
    5.39641e+02    3.31537e+03    9.04235e+03    2.14181e+02    3.43322e+03
     Coulomb-14        LJ (SR)   Coulomb (SR)      Potential Pressure (bar)
    3.48411e+04   -5.87288e+03   -6.10813e+04   -1.55683e+04    1.71206e+02

           Step           Time
            175      175.00000

   Energies (kJ/mol)
           Bond          Angle    Proper Dih. Per. Imp. Dih.          LJ-14
    5.50170e+02    3.31410e+03    9.03991e+03    2.13956e+02    3.42960e+03
     Coulomb-14        LJ (SR)   Coulomb (SR)      Potential Pressure (bar)
    3.48395e+04   -5.87924e+03   -6.10886e+04   -1.55806e+04    1.68836e+02

           Step           Time
            176      176.00000

   Energies (kJ/mol)
           Bond          Angle    Proper Dih. Per. Imp. Dih.          LJ-14
    5.46828e+02    3.31021e+03    9.03787e+03    2.13579e+02    3.42828e+03
     Coulomb-14        LJ (SR)   Coulomb (SR)      Potential Pressure (bar)
    3.48352e+04   -5.88194e+03   -6.10898e+04   -1.55998e+04    1.68588e+02

           Step           Time
            177      177.00000

   Energies (kJ/mol)
           Bond          Angle    Proper Dih. Per. Imp. Dih.          LJ-14
    5.66139e+02    3.31053e+03    9.03549e+03    2.13494e+02    3.42454e+03
     Coulomb-14        LJ (SR)   Coulomb (SR)      Potential Pressure (bar)
    3.48344e+04   -5.88854e+03   -6.10980e+04   -1.56020e+04    1.66822e+02

           Step           Time
            178      178.00000

   Energies (kJ/mol)
           Bond          Angle    Proper Dih. Per. Imp. Dih.          LJ-14
    5.62912e+02    3.30599e+03    9.03350e+03    2.13035e+02    3.42356e+03
     Coulomb-14        LJ (SR)   Coulomb (SR)      Potential Pressure (bar)
    3.48292e+04   -5.89063e+03   -6.10980e+04   -1.56204e+04    1.66219e+02

           Step           Time
            179      179.00000

           Step           Time
            180      180.00000

   Energies (kJ/mol)
           Bond          Angle    Proper Dih. Per. Imp. Dih.          LJ-14
    5.33296e+02    3.30274e+03    9.03240e+03    2.12987e+02    3.42150e+03
     Coulomb-14        LJ (SR)   Coulomb (SR)      Potential Pressure (bar)
    3.48294e+04   -5.89420e+03   -6.11027e+04   -1.56646e+04    1.66097e+02

           Step           Time
            181      181.00000

   Energies (kJ/mol)
           Bond          Angle    Proper Dih. Per. Imp. Dih.          LJ-14
    5.75720e+02    3.29754e+03    9.02614e+03    2.11917e+02    3.41539e+03
     Coulomb-14        LJ (SR)   Coulomb (SR)      Potential Pressure (bar)
    3.48189e+04   -5.90579e+03   -6.11132e+04   -1.56734e+04    1.61775e+02

           Step           Time
            182      182.00000

   Energies (kJ/mol)
           Bond          Angle    Proper Dih. Per. Imp. Dih.          LJ-14
    5.39722e+02    3.29424e+03    9.02484e+03    2.11941e+02    3.41277e+03
     Coulomb-14        LJ (SR)   Coulomb (SR)      Potential Pressure (bar)
    3.48197e+04   -5.91007e+03   -6.11187e+04   -1.57256e+04    1.61254e+02

           Step           Time
            183      183.00000

           Step           Time
            184      184.00000

   Energies (kJ/mol)
           Bond          Angle    Proper Dih. Per. Imp. Dih.          LJ-14
    5.37628e+02    3.29073e+03    9.02299e+03    2.11573e+02    3.41139e+03
     Coulomb-14        LJ (SR)   Coulomb (SR)      Potential Pressure (bar)
    3.48161e+04   -5.91264e+03   -6.11207e+04   -1.57429e+04    1.59991e+02

           Step           Time
            185      185.00000

   Energies (kJ/mol)
           Bond          Angle    Proper Dih. Per. Imp. Dih.          LJ-14
    5.47568e+02    3.29012e+03    9.02076e+03    2.11422e+02    3.40809e+03
     Coulomb-14        LJ (SR)   Coulomb (SR)      Potential Pressure (bar)
    3.48148e+04   -5.91836e+03   -6.11275e+04   -1.57531e+04    1.59074e+02

           Step           Time
            186      186.00000

   Energies (kJ/mol)
           Bond          Angle    Proper Dih. Per. Imp. Dih.          LJ-14
    5.45374e+02    3.28616e+03    9.01889e+03    2.11008e+02    3.40698e+03
     Coulomb-14        LJ (SR)   Coulomb (SR)      Potential Pressure (bar)
    3.48105e+04   -5.92051e+03   -6.11288e+04   -1.57704e+04    1.57754e+02

           Step           Time
            187      187.00000

   Energies (kJ/mol)
           Bond          Angle    Proper Dih. Per. Imp. Dih.          LJ-14
    5.64167e+02    3.28711e+03    9.01677e+03    2.10923e+02    3.40354e+03
     Coulomb-14        LJ (SR)   Coulomb (SR)      Potential Pressure (bar)
    3.48099e+04   -5.92669e+03   -6.11364e+04   -1.57706e+04    1.56620e+02

           Step           Time
            188      188.00000

   Energies (kJ/mol)
           Bond          Angle    Proper Dih. Per. Imp. Dih.          LJ-14
    5.62568e+02    3.28248e+03    9.01485e+03    2.10498e+02    3.40278e+03
     Coulomb-14        LJ (SR)   Coulomb (SR)      Potential Pressure (bar)
    3.48049e+04   -5.92819e+03   -6.11365e+04   -1.57866e+04    1.56900e+02

           Step           Time
            189      189.00000

           Step           Time
            190      190.00000

   Energies (kJ/mol)
           Bond          Angle    Proper Dih. Per. Imp. Dih.          LJ-14
    5.30956e+02    3.27948e+03    9.01381e+03    2.10464e+02    3.40083e+03
     Coulomb-14        LJ (SR)   Coulomb (SR)      Potential Pressure (bar)
    3.48051e+04   -5.93161e+03   -6.11408e+04   -1.58318e+04    1.56251e+02

           Step           Time
            191      191.00000

   Energies (kJ/mol)
           Bond          Angle    Proper Dih. Per. Imp. Dih.          LJ-14
    5.77411e+02    3.27557e+03    9.00767e+03    2.09426e+02    3.39509e+03
     Coulomb-14        LJ (SR)   Coulomb (SR)      Potential Pressure (bar)
    3.47947e+04   -5.94232e+03   -6.11513e+04   -1.58337e+04    1.53192e+02

           Step           Time
            192      192.00000

   Energies (kJ/mol)
           Bond          Angle    Proper Dih. Per. Imp. Dih.          LJ-14
    5.38187e+02    3.27213e+03    9.00644e+03    2.09409e+02    3.39267e+03
     Coulomb-14        LJ (SR)   Coulomb (SR)      Potential Pressure (bar)
    3.47958e+04   -5.94664e+03   -6.11563e+04   -1.58883e+04    1.52235e+02

           Step           Time
            193      193.00000

           Step           Time
            194      194.00000

   Energies (kJ/mol)
           Bond          Angle    Proper Dih. Per. Imp. Dih.          LJ-14
    5.36677e+02    3.26916e+03    9.00470e+03    2.09183e+02    3.39154e+03
     Coulomb-14        LJ (SR)   Coulomb (SR)      Potential Pressure (bar)
    3.47921e+04   -5.94892e+03   -6.11583e+04   -1.59039e+04    1.51785e+02

           Step           Time
            195      195.00000

   Energies (kJ/mol)
           Bond          Angle    Proper Dih. Per. Imp. Dih.          LJ-14
    5.46937e+02    3.26897e+03    9.00254e+03    2.09084e+02    3.38853e+03
     Coulomb-14        LJ (SR)   Coulomb (SR)      Potential Pressure (bar)
    3.47911e+04   -5.95434e+03   -6.11648e+04   -1.59119e+04    1.49511e+02

           Step           Time
            196      196.00000

   Energies (kJ/mol)
           Bond          Angle    Proper Dih. Per. Imp. Dih.          LJ-14
    5.45425e+02    3.26555e+03    9.00081e+03    2.08781e+02    3.38764e+03
     Coulomb-14        LJ (SR)   Coulomb (SR)      Potential Pressure (bar)
    3.47868e+04   -5.95622e+03   -6.11658e+04   -1.59270e+04    1.49963e+02

           Step           Time
            197      197.00000

           Step           Time
            198      198.00000

   Energies (kJ/mol)
           Bond          Angle    Proper Dih. Per. Imp. Dih.          LJ-14
    5.28993e+02    3.26358e+03    8.99979e+03    2.08791e+02    3.38599e+03
     Coulomb-14        LJ (SR)   Coulomb (SR)      Potential Pressure (bar)
    3.47868e+04   -5.95913e+03   -6.11695e+04   -1.59546e+04    1.50268e+02

           Step           Time
            199      199.00000

   Energies (kJ/mol)
           Bond          Angle    Proper Dih. Per. Imp. Dih.          LJ-14
    5.52805e+02    3.25895e+03    8.99409e+03    2.08187e+02    3.38077e+03
     Coulomb-14        LJ (SR)   Coulomb (SR)      Potential Pressure (bar)
    3.47773e+04   -5.96931e+03   -6.11794e+04   -1.59766e+04    1.46111e+02

           Step           Time
            200      200.00000

   Energies (kJ/mol)
           Bond          Angle    Proper Dih. Per. Imp. Dih.          LJ-14
    5.32965e+02    3.25648e+03    8.99293e+03    2.08240e+02    3.37874e+03
     Coulomb-14        LJ (SR)   Coulomb (SR)      Potential Pressure (bar)
    3.47777e+04   -5.97267e+03   -6.11838e+04   -1.60094e+04    1.46612e+02

           Step           Time
            201      201.00000

           Step           Time
            202      202.00000

   Energies (kJ/mol)
           Bond          Angle    Proper Dih. Per. Imp. Dih.          LJ-14
    5.31613e+02    3.25381e+03    8.99134e+03    2.08052e+02    3.37762e+03
     Coulomb-14        LJ (SR)   Coulomb (SR)      Potential Pressure (bar)
    3.47747e+04   -5.97490e+03   -6.11862e+04   -1.60240e+04    1.45897e+02

           Step           Time
            203      203.00000

   Energies (kJ/mol)
           Bond          Angle    Proper Dih. Per. Imp. Dih.          LJ-14
    5.38066e+02    3.25288e+03    8.98924e+03    2.07938e+02    3.37490e+03
     Coulomb-14        LJ (SR)   Coulomb (SR)      Potential Pressure (bar)
    3.47732e+04   -5.97981e+03   -6.11919e+04   -1.60355e+04    1.44037e+02

           Step           Time
            204      204.00000

   Energies (kJ/mol)
           Bond          Angle    Proper Dih. Per. Imp. Dih.          LJ-14
    5.36023e+02    3.24996e+03    8.98764e+03    2.07698e+02    3.37400e+03
     Coulomb-14        LJ (SR)   Coulomb (SR)      Potential Pressure (bar)
    3.47699e+04   -5.98167e+03   -6.11938e+04   -1.60503e+04    1.44447e+02

           Step           Time
            205      205.00000

   Energies (kJ/mol)
           Bond          Angle    Proper Dih. Per. Imp. Dih.          LJ-14
    5.48034e+02    3.24996e+03    8.98567e+03    2.07569e+02    3.37112e+03
     Coulomb-14        LJ (SR)   Coulomb (SR)      Potential Pressure (bar)
    3.47689e+04   -5.98667e+03   -6.12002e+04   -1.60556e+04    1.42937e+02

           Step           Time
            206      206.00000

   Energies (kJ/mol)
           Bond          Angle    Proper Dih. Per. Imp. Dih.          LJ-14
    5.45838e+02    3.24671e+03    8.98405e+03    2.07275e+02    3.37051e+03
     Coulomb-14        LJ (SR)   Coulomb (SR)      Potential Pressure (bar)
    3.47648e+04   -5.98815e+03   -6.12011e+04   -1.60701e+04    1.43030e+02

           Step           Time
            207      207.00000

           Step           Time
            208      208.00000

   Energies (kJ/mol)
           Bond          Angle    Proper Dih. Per. Imp. Dih.          LJ-14
    5.28122e+02    3.24474e+03    8.98312e+03    2.07210e+02    3.36893e+03
     Coulomb-14        LJ (SR)   Coulomb (SR)      Potential Pressure (bar)
    3.47647e+04   -5.99086e+03   -6.12048e+04   -1.60988e+04    1.41759e+02

           Step           Time
            209      209.00000

   Energies (kJ/mol)
           Bond          Angle    Proper Dih. Per. Imp. Dih.          LJ-14
    5.53910e+02    3.24069e+03    8.97811e+03    2.06615e+02    3.36442e+03
     Coulomb-14        LJ (SR)   Coulomb (SR)      Potential Pressure (bar)
    3.47564e+04   -5.99915e+03   -6.12143e+04   -1.61133e+04    1.41144e+02

           Step           Time
            210      210.00000

   Energies (kJ/mol)
           Bond          Angle    Proper Dih. Per. Imp. Dih.          LJ-14
    5.32546e+02    3.23851e+03    8.97701e+03    2.06612e+02    3.36244e+03
     Coulomb-14        LJ (SR)   Coulomb (SR)      Potential Pressure (bar)
    3.47568e+04   -6.00269e+03   -6.12190e+04   -1.61479e+04    1.40169e+02

           Step           Time
            211      211.00000

           Step           Time
            212      212.00000

   Energies (kJ/mol)
           Bond          Angle    Proper Dih. Per. Imp. Dih.          LJ-14
    5.30913e+02    3.23615e+03    8.97548e+03    2.06410e+02    3.36138e+03
     Coulomb-14        LJ (SR)   Coulomb (SR)      Potential Pressure (bar)
    3.47537e+04   -6.00471e+03   -6.12210e+04   -1.61616e+04    1.39645e+02

           Step           Time
            213      213.00000

   Energies (kJ/mol)
           Bond          Angle    Proper Dih. Per. Imp. Dih.          LJ-14
    5.37945e+02    3.23573e+03    8.97361e+03    2.06289e+02    3.35879e+03
     Coulomb-14        LJ (SR)   Coulomb (SR)      Potential Pressure (bar)
    3.47523e+04   -6.00938e+03   -6.12267e+04   -1.61714e+04    1.39080e+02

           Step           Time
            214      214.00000

   Energies (kJ/mol)
           Bond          Angle    Proper Dih. Per. Imp. Dih.          LJ-14
    5.36099e+02    3.23284e+03    8.97209e+03    2.06002e+02    3.35799e+03
     Coulomb-14        LJ (SR)   Coulomb (SR)      Potential Pressure (bar)
    3.47489e+04   -6.01111e+03   -6.12283e+04   -1.61854e+04    1.38866e+02

           Step           Time
            215      215.00000

   Energies (kJ/mol)
           Bond          Angle    Proper Dih. Per. Imp. Dih.          LJ-14
    5.48768e+02    3.23369e+03    8.97026e+03    2.05900e+02    3.35530e+03
     Coulomb-14        LJ (SR)   Coulomb (SR)      Potential Pressure (bar)
    3.47480e+04   -6.01587e+03   -6.12344e+04   -1.61884e+04    1.37368e+02

           Step           Time
            216      216.00000

   Energies (kJ/mol)
           Bond          Angle    Proper Dih. Per. Imp. Dih.          LJ-14
    5.47235e+02    3.23003e+03    8.96874e+03    2.05584e+02    3.35476e+03
     Coulomb-14        LJ (SR)   Coulomb (SR)      Potential Pressure (bar)
    3.47441e+04   -6.01711e+03   -6.12352e+04   -1.62019e+04    1.36038e+02

           Step           Time
            217      217.00000

           Step           Time
            218      218.00000

   Energies (kJ/mol)
           Bond          Angle    Proper Dih. Per. Imp. Dih.          LJ-14
    5.26978e+02    3.22844e+03    8.96786e+03    2.05558e+02    3.35324e+03
     Coulomb-14        LJ (SR)   Coulomb (SR)      Potential Pressure (bar)
    3.47440e+04   -6.01977e+03   -6.12386e+04   -1.62323e+04    1.37055e+02

           Step           Time
            219      219.00000

   Energies (kJ/mol)
           Bond          Angle    Proper Dih. Per. Imp. Dih.          LJ-14
    5.57046e+02    3.22474e+03    8.96300e+03    2.04955e+02    3.34895e+03
     Coulomb-14        LJ (SR)   Coulomb (SR)      Potential Pressure (bar)
    3.47362e+04   -6.02714e+03   -6.12486e+04   -1.62408e+04    1.34912e+02

           Step           Time
            220      220.00000

   Energies (kJ/mol)
           Bond          Angle    Proper Dih. Per. Imp. Dih.          LJ-14
    5.31872e+02    3.22330e+03    8.96192e+03    2.04980e+02    3.34715e+03
     Coulomb-14        LJ (SR)   Coulomb (SR)      Potential Pressure (bar)
    3.47361e+04   -6.03075e+03   -6.12525e+04   -1.62779e+04    1.35366e+02

           Step           Time
            221      221.00000

           Step           Time
            222      222.00000

   Energies (kJ/mol)
           Bond          Angle    Proper Dih. Per. Imp. Dih.          LJ-14
    5.30956e+02    3.22058e+03    8.96055e+03    2.04799e+02    3.34624e+03
     Coulomb-14        LJ (SR)   Coulomb (SR)      Potential Pressure (bar)
    3.47334e+04   -6.03269e+03   -6.12547e+04   -1.62908e+04    1.33668e+02

           Step           Time
            223      223.00000

   Energies (kJ/mol)
           Bond          Angle    Proper Dih. Per. Imp. Dih.          LJ-14
    5.37869e+02    3.22092e+03    8.95882e+03    2.04795e+02    3.34392e+03
     Coulomb-14        LJ (SR)   Coulomb (SR)      Potential Pressure (bar)
    3.47320e+04   -6.03696e+03   -6.12600e+04   -1.62987e+04    1.33545e+02

           Step           Time
            224      224.00000

   Energies (kJ/mol)
           Bond          Angle    Proper Dih. Per. Imp. Dih.          LJ-14
    5.36886e+02    3.21771e+03    8.95753e+03    2.04600e+02    3.34321e+03
     Coulomb-14        LJ (SR)   Coulomb (SR)      Potential Pressure (bar)
    3.47290e+04   -6.03854e+03   -6.12620e+04   -1.63116e+04    1.32082e+02

           Step           Time
            225      225.00000

   Energies (kJ/mol)
           Bond          Angle    Proper Dih. Per. Imp. Dih.          LJ-14
    5.49635e+02    3.21919e+03    8.95586e+03    2.04620e+02    3.34079e+03
     Coulomb-14        LJ (SR)   Coulomb (SR)      Potential Pressure (bar)
    3.47282e+04   -6.04317e+03   -6.12676e+04   -1.63124e+04    1.32625e+02

           Step           Time
            226      226.00000

   Energies (kJ/mol)
           Bond          Angle    Proper Dih. Per. Imp. Dih.          LJ-14
    5.49999e+02    3.21542e+03    8.95449e+03    2.04453e+02    3.34035e+03
     Coulomb-14        LJ (SR)   Coulomb (SR)      Potential Pressure (bar)
    3.47246e+04   -6.04427e+03   -6.12692e+04   -1.63241e+04    1.30282e+02

           Step           Time
            227      227.00000

           Step           Time
            228      228.00000

   Energies (kJ/mol)
           Bond          Angle    Proper Dih. Per. Imp. Dih.          LJ-14
    5.26082e+02    3.21381e+03    8.95367e+03    2.04464e+02    3.33892e+03
     Coulomb-14        LJ (SR)   Coulomb (SR)      Potential Pressure (bar)
    3.47246e+04   -6.04669e+03   -6.12724e+04   -1.63575e+04    1.30732e+02

           Step           Time
            229      229.00000

   Energies (kJ/mol)
           Bond          Angle    Proper Dih. Per. Imp. Dih.          LJ-14
    5.61536e+02    3.21115e+03    8.94888e+03    2.04144e+02    3.33492e+03
     Coulomb-14        LJ (SR)   Coulomb (SR)      Potential Pressure (bar)
    3.47168e+04   -6.05467e+03   -6.12830e+04   -1.63602e+04    1.28203e+02

           Step           Time
            230      230.00000

   Energies (kJ/mol)
           Bond          Angle    Proper Dih. Per. Imp. Dih.          LJ-14
    5.30996e+02    3.20892e+03    8.94794e+03    2.04157e+02    3.33313e+03
     Coulomb-14        LJ (SR)   Coulomb (SR)      Potential Pressure (bar)
    3.47173e+04   -6.05758e+03   -6.12872e+04   -1.64023e+04    1.28725e+02

           Step           Time
            231      231.00000

           Step           Time
            232      232.00000

   Energies (kJ/mol)
           Bond          Angle    Proper Dih. Per. Imp. Dih.          LJ-14
    5.31618e+02    3.20623e+03    8.94652e+03    2.03895e+02    3.33231e+03
     Coulomb-14        LJ (SR)   Coulomb (SR)      Potential Pressure (bar)
    3.47144e+04   -6.05940e+03   -6.12893e+04   -1.64137e+04    1.27046e+02

           Step           Time
            233      233.00000

   Energies (kJ/mol)
           Bond          Angle    Proper Dih. Per. Imp. Dih.          LJ-14
    5.37518e+02    3.20677e+03    8.94496e+03    2.03819e+02    3.33018e+03
     Coulomb-14        LJ (SR)   Coulomb (SR)      Potential Pressure (bar)
    3.47134e+04   -6.06312e+03   -6.12944e+04   -1.64209e+04    1.27914e+02

           Step           Time
            234      234.00000

   Energies (kJ/mol)
           Bond          Angle    Proper Dih. Per. Imp. Dih.          LJ-14
    5.38748e+02    3.20358e+03    8.94351e+03    2.03566e+02    3.32964e+03
     Coulomb-14        LJ (SR)   Coulomb (SR)      Potential Pressure (bar)
    3.47101e+04   -6.06475e+03   -6.12957e+04   -1.64313e+04    1.27226e+02

           Step           Time
            235      235.00000

   Energies (kJ/mol)
           Bond          Angle    Proper Dih. Per. Imp. Dih.          LJ-14
    5.50590e+02    3.20564e+03    8.94210e+03    2.03542e+02    3.32722e+03
     Coulomb-14        LJ (SR)   Coulomb (SR)      Potential Pressure (bar)
    3.47096e+04   -6.06875e+03   -6.13017e+04   -1.64317e+04    1.25825e+02

           Step           Time
            236      236.00000

   Energies (kJ/mol)
           Bond          Angle    Proper Dih. Per. Imp. Dih.          LJ-14
    5.54003e+02    3.20158e+03    8.94066e+03    2.03291e+02    3.32710e+03
     Coulomb-14        LJ (SR)   Coulomb (SR)      Potential Pressure (bar)
    3.47057e+04   -6.06986e+03   -6.13019e+04   -1.64394e+04    1.25495e+02

           Step           Time
            237      237.00000

           Step           Time
            238      238.00000

   Energies (kJ/mol)
           Bond          Angle    Proper Dih. Per. Imp. Dih.          LJ-14
    5.25250e+02    3.19974e+03    8.93996e+03    2.03255e+02    3.32565e+03
     Coulomb-14        LJ (SR)   Coulomb (SR)      Potential Pressure (bar)
    3.47060e+04   -6.07215e+03   -6.13055e+04   -1.64778e+04    1.25105e+02

           Step           Time
            239      239.00000

           Step           Time
            240      240.00000

   Energies (kJ/mol)
           Bond          Angle    Proper Dih. Per. Imp. Dih.          LJ-14
    5.32344e+02    3.19685e+03    8.93739e+03    2.02982e+02    3.32346e+03
     Coulomb-14        LJ (SR)   Coulomb (SR)      Potential Pressure (bar)
    3.47016e+04   -6.07646e+03   -6.13112e+04   -1.64930e+04    1.24905e+02

           Step           Time
            241      241.00000

   Energies (kJ/mol)
           Bond          Angle    Proper Dih. Per. Imp. Dih.          LJ-14
    5.27182e+02    3.19626e+03    8.93642e+03    2.02855e+02    3.32206e+03
     Coulomb-14        LJ (SR)   Coulomb (SR)      Potential Pressure (bar)
    3.47013e+04   -6.07893e+03   -6.13148e+04   -1.65077e+04    1.22552e+02

           Step           Time
            242      242.00000

   Energies (kJ/mol)
           Bond          Angle    Proper Dih. Per. Imp. Dih.          LJ-14
    5.37998e+02    3.19415e+03    8.93443e+03    2.02523e+02    3.32060e+03
     Coulomb-14        LJ (SR)   Coulomb (SR)      Potential Pressure (bar)
    3.46976e+04   -6.08195e+03   -6.13184e+04   -1.65131e+04    1.24872e+02

           Step           Time
            243      243.00000

   Energies (kJ/mol)
           Bond          Angle    Proper Dih. Per. Imp. Dih.          LJ-14
    5.32277e+02    3.19371e+03    8.93336e+03    2.02420e+02    3.31892e+03
     Coulomb-14        LJ (SR)   Coulomb (SR)      Potential Pressure (bar)
    3.46975e+04   -6.08464e+03   -6.13226e+04   -1.65291e+04    1.22661e+02

           Step           Time
            244      244.00000

           Step           Time
            245      245.00000

   Energies (kJ/mol)
           Bond          Angle    Proper Dih. Per. Imp. Dih.          LJ-14
    5.25053e+02    3.19147e+03    8.93250e+03    2.02237e+02    3.31841e+03
     Coulomb-14        LJ (SR)   Coulomb (SR)      Potential Pressure (bar)
    3.46954e+04   -6.08575e+03   -6.13238e+04   -1.65445e+04    1.23370e+02

           Step           Time
            246      246.00000

   Energies (kJ/mol)
           Bond          Angle    Proper Dih. Per. Imp. Dih.          LJ-14
    5.37564e+02    3.19105e+03    8.92974e+03    2.01891e+02    3.31533e+03
     Coulomb-14        LJ (SR)   Coulomb (SR)      Potential Pressure (bar)
    3.46927e+04   -6.09131e+03   -6.13316e+04   -1.65546e+04    1.22469e+02

           Step           Time
            247      247.00000

   Energies (kJ/mol)
           Bond          Angle    Proper Dih. Per. Imp. Dih.          LJ-14
    5.27589e+02    3.18771e+03    8.92874e+03    2.01672e+02    3.31491e+03
     Coulomb-14        LJ (SR)   Coulomb (SR)      Potential Pressure (bar)
    3.46900e+04   -6.09222e+03   -6.13325e+04   -1.65741e+04    1.20927e+02

           Step           Time
            248      248.00000

           Step           Time
            249      249.00000

   Energies (kJ/mol)
           Bond          Angle    Proper Dih. Per. Imp. Dih.          LJ-14
    5.25742e+02    3.18747e+03    8.92770e+03    2.01554e+02    3.31350e+03
     Coulomb-14        LJ (SR)   Coulomb (SR)      Potential Pressure (bar)
    3.46894e+04   -6.09456e+03   -6.13361e+04   -1.65853e+04    1.21166e+02

           Step           Time
            250      250.00000

   Energies (kJ/mol)
           Bond          Angle    Proper Dih. Per. Imp. Dih.          LJ-14
    5.30551e+02    3.18514e+03    8.92597e+03    2.01305e+02    3.31229e+03
     Coulomb-14        LJ (SR)   Coulomb (SR)      Potential Pressure (bar)
    3.46862e+04   -6.09696e+03   -6.13391e+04   -1.65947e+04    1.18854e+02

           Step           Time
            251      251.00000

   Energies (kJ/mol)
           Bond          Angle    Proper Dih. Per. Imp. Dih.          LJ-14
    5.28991e+02    3.18538e+03    8.92486e+03    2.01245e+02    3.31070e+03
     Coulomb-14        LJ (SR)   Coulomb (SR)      Potential Pressure (bar)
    3.46858e+04   -6.09963e+03   -6.13433e+04   -1.66059e+04    1.18609e+02

           Step           Time
            252      252.00000

   Energies (kJ/mol)
           Bond          Angle    Proper Dih. Per. Imp. Dih.          LJ-14
    5.36408e+02    3.18289e+03    8.92324e+03    2.00978e+02    3.30981e+03
     Coulomb-14        LJ (SR)   Coulomb (SR)      Potential Pressure (bar)
    3.46825e+04   -6.10154e+03   -6.13453e+04   -1.66111e+04    1.17870e+02

           Step           Time
            253      253.00000

   Energies (kJ/mol)
           Bond          Angle    Proper Dih. Per. Imp. Dih.          LJ-14
    5.36254e+02    3.18395e+03    8.92216e+03    2.00921e+02    3.30797e+03
     Coulomb-14        LJ (SR)   Coulomb (SR)      Potential Pressure (bar)
    3.46824e+04   -6.10468e+03   -6.13500e+04   -1.66211e+04    1.17663e+02

           Step           Time
            254      254.00000

           Step           Time
            255      255.00000

   Energies (kJ/mol)
           Bond          Angle    Proper Dih. Per. Imp. Dih.          LJ-14
    5.23642e+02    3.18092e+03    8.92141e+03    2.00780e+02    3.30770e+03
     Coulomb-14        LJ (SR)   Coulomb (SR)      Potential Pressure (bar)
    3.46806e+04   -6.10534e+03   -6.13509e+04   -1.66412e+04    1.17175e+02


Steepest Descents converged to Fmax < 1000 in 256 steps
Potential Energy  = -1.6641195e+04
Maximum force     =  8.9962903e+02 on atom 3281
Norm of force     =  5.2556449e+01
Finished mdrun on rank 0 Thu Apr 16 07:39:20 2026

