AutoDock Vina v1.2.7
#################################################################
# If you used AutoDock Vina in your work, please cite:          #
#                                                               #
# J. Eberhardt, D. Santos-Martins, A. F. Tillack, and S. Forli  #
# AutoDock Vina 1.2.0: New Docking Methods, Expanded Force      #
# Field, and Python Bindings, J. Chem. Inf. Model. (2021)       #
# DOI 10.1021/acs.jcim.1c00203                                  #
#                                                               #
# O. Trott, A. J. Olson,                                        #
# AutoDock Vina: improving the speed and accuracy of docking    #
# with a new scoring function, efficient optimization and       #
# multithreading, J. Comp. Chem. (2010)                         #
# DOI 10.1002/jcc.21334                                         #
#                                                               #
# Please see https://github.com/ccsb-scripps/AutoDock-Vina for  #
# more information.                                             #
#################################################################

Scoring function : vinardo
Rigid receptor: /home/vr/docking/trypsin_5moq/receptor/receptor.pdbqt
Ligand: /home/vr/docking/trypsin_5moq/ligand/benzamidine.pdbqt
Grid center: X -1.75 Y -14.74 Z -16.92
Grid size  : X 20 Y 20 Z 20
Grid space : 0.375
Exhaustiveness: 128
CPU: 2
Verbosity: 1

Computing Vinardo grid ... done.
Performing docking (random seed: 42) ... 
0%   10   20   30   40   50   60   70   80   90   100%
|----|----|----|----|----|----|----|----|----|----|
***************************************************

mode |   affinity | dist from best mode
     | (kcal/mol) | rmsd l.b.| rmsd u.b.
-----+------------+----------+----------
   1       -5.659          0          0
   2       -5.644     0.1907      1.905
   3       -5.636    0.05555      1.579
   4       -4.935      2.709      3.647
   5       -4.437      3.199      4.304
   6       -4.328      2.415      3.496
   7       -4.301      3.161      3.923
   8       -4.297      2.455      3.266
   9       -4.109      9.505      9.978
  10       -4.077      9.582       10.1
  11       -3.978      10.44      10.83
  12       -3.938      10.46      10.88
  13       -3.847      9.846      10.27
  14       -3.797      9.666      10.21
  15       -3.746      9.786      10.28
  16       -3.712      2.372      3.449
  17        -3.71      9.823      10.25
  18       -3.706      10.78      11.29
  19       -3.691      11.63      11.98
  20        205.5      10.83      11.16
