AutoDock Vina v1.2.7
#################################################################
# If you used AutoDock Vina in your work, please cite:          #
#                                                               #
# J. Eberhardt, D. Santos-Martins, A. F. Tillack, and S. Forli  #
# AutoDock Vina 1.2.0: New Docking Methods, Expanded Force      #
# Field, and Python Bindings, J. Chem. Inf. Model. (2021)       #
# DOI 10.1021/acs.jcim.1c00203                                  #
#                                                               #
# O. Trott, A. J. Olson,                                        #
# AutoDock Vina: improving the speed and accuracy of docking    #
# with a new scoring function, efficient optimization and       #
# multithreading, J. Comp. Chem. (2010)                         #
# DOI 10.1002/jcc.21334                                         #
#                                                               #
# Please see https://github.com/ccsb-scripps/AutoDock-Vina for  #
# more information.                                             #
#################################################################

Scoring function : vina
Rigid receptor: receptor.pdbqt
Ligand: isatin.pdbqt
Grid center: X 23.8 Y 50 Z 38.8
Grid size  : X 20 Y 20 Z 20
Grid space : 0.375
Exhaustiveness: 32
CPU: 0
Verbosity: 1

Computing Vina grid ... done.
Performing docking (random seed: 1280069312) ... 
0%   10   20   30   40   50   60   70   80   90   100%
|----|----|----|----|----|----|----|----|----|----|
***************************************************

mode |   affinity | dist from best mode
     | (kcal/mol) | rmsd l.b.| rmsd u.b.
-----+------------+----------+----------
   1       -4.456          0          0
   2       -4.415      3.695      4.707
   3       -4.333       6.59      8.076
   4       -4.308       6.92      8.239
   5       -4.217      8.773       10.2
   6       -4.142      2.433      3.731
   7       -4.121      1.209      2.245
   8       -4.066      11.03      12.15
   9       -4.033      3.004      4.106
  10       -3.999      3.488      4.497
  11       -3.948      3.505      4.719
  12       -3.917      16.37      17.77
  13       -3.879      2.206      2.969
  14       -3.834      9.451      10.77
  15       -3.801        9.5      10.81
  16        -3.77      11.53      12.98
  17       -3.744      2.972      3.901
  18       -3.729      10.74      12.04
  19       -3.713      8.101       9.45
  20       -3.668      10.21      11.69
